wji3t9iql4gwq1n-OUTPUT-s6f20p5z2lkxbj3
OK
START 1
1 3
1 4
2 3
END 1
START 2
1 2
1 3
1 4
END 2
START 3
1 2
1 3
3 4
END 3
START 4
1 2
1 3
END 4
START 5
1 4
2 3
3 4
END 5
START 6
1 2
1 3
1 4
END 6
START 7
1 2
1 3
END 7
START 8
1 2
2 4
3 4
END 8
START 9
1 3
1 4
2 3
END 9
START 10
1 3
1 4
2 3
END 10
START 11
1 4
2 3
2 4
END 11
START 12
1 3
2 3
END 12
START 13
1 4
2 4
3 4
END 13
START 14
1 2
1 3
END 14
START 15
1 3
2 3
END 15
START 16
1 3
1 4
2 4
END 16
START 17
1 3
1 4
2 4
END 17
START 18
1 3
2 3
END 18
START 19
1 2
1 3
2 4
END 19
START 20
1 3
2 3
2 4
END 20
START 21
1 2
1 3
END 21
START 22
1 3
2 3
END 22
START 23
1 2
2 3
2 4
END 23
START 24
1 3
1 4
2 3
END 24
START 25
1 2
2 3
END 25
START 26
1 2
2 3
END 26
START 27
1 3
2 3
END 27
START 28
1 4
2 4
3 4
END 28
START 29
1 2
2 3
2 4
END 29
START 30
1 2
1 3
3 4
END 30
START 31
1 4
2 3
2 4
END 31
START 32
1 3
2 3
END 32
START 33
1 3
1 4
2 4
END 33
START 34
1 2
2 3
3 4
END 34
START 35
1 3
2 3
2 4
END 35
START 36
1 2
2 3
END 36
START 37
1 4
2 3
2 4
END 37
START 38
1 3
2 3
3 4
END 38
START 39
1 3
2 3
3 4
END 39
START 40
1 2
1 3
END 40
START 41
1 2
1 3
END 41
START 42
1 2
2 4
3 4
END 42
START 43
1 3
1 4
2 4
END 43
START 44
1 4
2 3
3 4
END 44
START 45
1 2
1 3
END 45
START 46
1 2
1 3
1 4
END 46
START 47
1 2
2 3
2 4
END 47
START 48
1 2
2 3
END 48
START 49
1 3
2 3
END 49
START 50
1 2
1 3
END 50
START 51
1 3
2 3
END 51
START 52
1 3
1 4
2 3
END 52
START 53
1 2
2 3
2 4
END 53
START 54
1 2
2 3
END 54
START 55
1 2
2 3
END 55
START 56
1 2
2 3
2 4
END 56
START 57
1 2
2 3
END 57
START 58
1 2
2 4
3 4
END 58
START 59
1 2
1 3
END 59
START 60
1 3
2 3
END 60
START 61
1 3
2 3
2 4
END 61
START 62
1 4
2 4
3 4
END 62
START 63
1 3
2 3
2 4
END 63
START 64
1 3
2 4
3 4
END 64
START 65
1 2
1 4
2 3
END 65
START 66
1 3
2 3
END 66
START 67
1 2
1 4
2 3
END 67
START 68
1 2
2 3
END 68
START 69
1 4
2 3
3 4
END 69
START 70
1 4
2 3
3 4
END 70
START 71
1 2
1 3
END 71
START 72
1 2
1 3
END 72
START 73
1 2
2 4
3 4
END 73
START 74
1 2
2 3
2 4
END 74
START 75
1 2
1 3
3 4
END 75
START 76
1 4
2 4
3 4
END 76
START 77
1 3
2 3
2 4
END 77
START 78
1 4
2 3
2 4
END 78
START 79
1 2
1 3
1 4
END 79
START 80
1 3
2 4
3 4
END 80
START 81
1 2
1 3
END 81
START 82
1 3
1 4
2 3
END 82
START 83
1 3
2 3
END 83
START 84
1 2
1 3
END 84
START 85
1 2
1 3
2 4
END 85
START 86
1 3
2 3
END 86
START 87
1 2
1 3
2 4
END 87
START 88
1 2
2 3
END 88
START 89
1 2
2 3
2 4
END 89
START 90
1 3
2 3
END 90
START 91
1 3
2 3
END 91
START 92
1 2
1 3
END 92
START 93
1 2
1 4
3 4
END 93
START 94
1 3
2 3
END 94
START 95
1 3
2 3
END 95
START 96
1 2
2 3
END 96
START 97
1 2
2 3
2 4
END 97
START 98
1 2
2 3
END 98
START 99
1 3
2 3
END 99
START 100
1 2
1 3
END 100
START 101
1 2
2 3
END 101
START 102
1 4
2 3
3 4
END 102
START 103
1 2
1 3
END 103
START 104
1 3
2 3
END 104
START 105
1 4
2 3
3 4
END 105
START 106
1 2
2 3
END 106
START 107
1 2
2 3
END 107
START 108
1 3
2 3
3 4
END 108
START 109
1 3
2 3
2 4
END 109
START 110
1 3
1 4
2 3
END 110
START 111
1 2
2 3
END 111
START 112
1 3
2 3
END 112
START 113
1 2
1 3
END 113
START 114
1 2
2 3
3 4
END 114
START 115
1 3
1 4
2 3
END 115
START 116
1 2
2 3
END 116
START 117
1 2
2 3
3 4
END 117
START 118
1 3
2 3
END 118
START 119
1 3
2 3
END 119
START 120
1 2
1 3
END 120
START 121
1 2
1 3
END 121
START 122
1 2
1 3
2 4
END 122
START 123
1 3
2 3
END 123
START 124
1 2
2 4
3 4
END 124
START 125
1 2
1 3
END 125
START 126
1 4
2 3
2 4
END 126
START 127
1 2
1 3
END 127
START 128
1 2
2 3
END 128
START 129
1 2
1 3
END 129
START 130
1 2
1 3
END 130
START 131
1 3
2 4
3 4
END 131
START 132
1 2
1 3
3 4
END 132
START 133
1 2
2 3
END 133
START 134
1 2
2 3
END 134
START 135
1 2
2 4
3 4
END 135
START 136
1 2
2 3
3 4
END 136
START 137
1 3
2 3
END 137
START 138
1 4
2 3
3 4
END 138
START 139
1 4
2 4
3 4
END 139
START 140
1 2
2 4
3 4
END 140
START 141
1 2
2 3
END 141
START 142
1 2
1 3
1 4
END 142
START 143
1 2
2 3
END 143
START 144
1 2
1 3
END 144
START 145
1 3
2 3
END 145
START 146
1 4
2 3
3 4
END 146
START 147
1 3
2 3
END 147
START 148
1 2
2 3
END 148
START 149
1 2
1 3
END 149
START 150
1 3
2 3
END 150
START 151
1 2
2 3
END 151
START 152
1 2
2 3
END 152
START 153
1 4
2 4
3 4
END 153
START 154
1 4
2 4
3 4
END 154
START 155
1 2
1 3
1 4
END 155
START 156
1 3
2 3
2 4
END 156
START 157
1 4
2 3
2 4
END 157
START 158
1 2
1 4
2 3
END 158
START 159
1 2
1 3
END 159
START 160
1 2
2 3
2 4
END 160
START 161
1 3
2 3
END 161
START 162
1 2
2 3
END 162
START 163
1 2
1 3
1 4
END 163
START 164
1 2
2 4
3 4
END 164
START 165
1 3
2 3
END 165
START 166
1 3
2 3
END 166
START 167
1 3
2 3
3 4
END 167
START 168
1 2
2 4
3 4
END 168
START 169
1 4
2 3
3 4
END 169
START 170
1 2
1 3
END 170
START 171
1 2
2 3
END 171
START 172
1 2
2 3
END 172
START 173
1 2
1 3
2 4
END 173
START 174
1 3
2 4
3 4
END 174
START 175
1 3
2 3
END 175
START 176
1 3
2 3
END 176
START 177
1 3
2 3
2 4
END 177
START 178
1 2
2 3
END 178
START 179
1 2
1 3
END 179
START 180
1 3
1 4
2 3
END 180
START 181
1 3
1 4
2 4
END 181
START 182
1 4
2 3
3 4
END 182
START 183
1 2
2 3
END 183
START 184
1 3
2 3
END 184
START 185
1 2
2 3
END 185
START 186
1 2
1 3
END 186
START 187
1 3
2 3
END 187
START 188
1 3
1 4
2 4
END 188
START 189
1 3
2 3
END 189
START 190
1 2
1 3
END 190
START 191
1 3
2 3
END 191
START 192
1 2
1 3
END 192
START 193
1 3
2 3
END 193
START 194
1 2
2 3
END 194
START 195
1 3
2 3
END 195
START 196
1 2
1 3
END 196
START 197
1 3
2 3
END 197
START 198
1 2
1 3
END 198
START 199
1 3
2 4
3 4
END 199
START 200
1 2
1 3
END 200
