34831848699
7566420117
15261068592
14929433770
1431595280
61510416129
13177375108
6575233634
41450000831
16492326855
42019150867
18446744070025283731
1325290588
18446744063405906801
11715645119
60761253876
18446744070025283731
18446744073650763552
59917661698
64214502893
18446744068866622745
2346014574
18446744065258032500
56477971408
60035929290
16002595686
56587610019
3169652383
18446744060876468980
9084893771
4616555252
18446744073650763552
41003631954
18446744062808589467
18446744070695180722
3549267714
9529450193
18446744065491308706
18446744071541543978
15214591948
