115
18
115
305
115
18
305
373
115
305
115
373
115
115
305
365
373
461
305
305
18
115
429
201
305
305
115
39
67
18
115
115
305
305
115
373
115
352
67
305
115
373
115
453
18
67
18
305
373
115
115
429
373
252
115
125
115
201
115
491
115
305
115
18
305
305
287
305
115
305
18
201
115
373
370
305
305
201
115
115
491
305
305
115
201
240
305
373
305
305
18
201
305
67
439
115
491
429
312
153
115
252
115
115
115
312
491
18
287
67
287
18
115
305
476
305
287
429
115
115
201
305
305
18
115
201
373
115
373
115
305
351
305
115
373
373
115
305
115
115
402
491
115
373
18
115
201
115
373
305
115
115
115
115
115
115
305
115
201
18
201
115
115
305
115
373
373
351
115
201
305
305
201
115
305
18
115
115
115
220
18
373
18
115
287
351
115
201
305
305
18
115
201
305
305
115
115
115
270
476
305
18
429
305
201
115
305
305
305
115
67
305
18
115
305
491
115
305
373
18
373
305
18
115
305
115
153
252
365
115
18
373
305
373
305
305
153
115
305
67
115
115
305
305
67
185
115
305
252
115
373
305
67
305
305
193
125
76
305
305
92
305
115
305
305
18
305
201
115
115
305
429
252
429
115
18
115
305
429
305
429
201
115
402
18
305
115
373
305
362
305
305
115
429
193
201
185
305
201
305
305
18
305
305
373
115
439
39
305
18
305
67
305
305
312
115
305
115
18
305
373
115
201
305
305
305
305
115
305
351
18
373
115
18
429
115
305
115
115
305
305
305
312
115
305
115
115
115
115
201
115
201
115
115
252
305
115
305
115
18
115
305
115
92
305
305
305
373
86
115
373
115
201
115
305
139
252
305
305
305
305
18
305
115
115
305
115
305
305
305
373
373
305
115
115
201
305
312
115
373
115
115
305
305
373
115
305
373
305
115
18
182
115
305
139
305
373
115
305
115
373
305
373
429
287
305
429
115
115
305
373
115
305
305
18
305
305
305
18
305
305
18
305
115
115
429
287
305
115
201
115
115
305
201
305
305
305
18
18
201
201
373
305
115
383
201
115
305
373
115
115
305
280
134
305
201
115
18
115
305
373
305
115
125
305
115
373
115
305
305
115
305
115
373
115
115
18
7
1
0
3
2
6
4
5
10
9
8
16
12
11
15
14
13
17
115
102
67
60
39
32
29
28
24
23
21
20
19
22
26
25
27
31
30
34
33
37
36
35
38
58
54
46
45
42
41
40
43
44
49
47
48
50
52
51
53
55
56
57
59
64
61
63
62
66
65
92
76
72
68
70
69
71
74
73
75
82
81
78
77
79
80
86
84
83
85
87
90
89
88
91
100
98
97
96
93
94
95
99
101
106
104
103
105
112
110
108
107
109
111
114
113
305
287
201
125
116
120
117
119
118
121
123
122
124
127
126
193
139
134
128
130
129
131
132
133
135
136
138
137
185
145
141
140
144
143
142
182
153
152
151
146
150
149
147
148
178
162
156
154
155
157
159
158
160
161
170
163
168
167
164
166
165
169
174
171
172
173
177
175
176
180
179
181
184
183
187
186
192
188
191
190
189
199
198
196
194
195
197
200
252
231
227
220
204
202
203
207
205
206
215
210
209
208
214
211
213
212
219
217
216
218
224
223
221
222
226
225
230
229
228
242
236
234
232
233
235
239
238
237
241
240
245
243
244
246
250
247
248
249
251
280
254
253
273
265
262
261
256
255
260
257
259
258
263
264
271
267
266
270
268
269
272
274
276
275
279
278
277
285
284
283
282
281
286
295
292
288
290
289
291
293
294
296
302
298
297
299
301
300
304
303
312
308
306
307
309
311
310
491
373
351
334
323
316
315
313
314
318
317
320
319
321
322
325
324
329
328
327
326
331
330
332
333
350
341
335
336
339
338
337
340
347
343
342
346
344
345
349
348
365
362
352
354
353
355
361
359
356
358
357
360
364
363
370
369
368
367
366
371
372
429
402
387
377
375
374
376
378
386
384
383
380
379
381
382
385
401
396
389
388
395
394
391
390
392
393
398
397
399
400
427
425
407
403
405
404
406
417
410
409
408
411
414
413
412
415
416
422
419
418
421
420
423
424
426
428
448
439
433
431
430
432
438
437
436
435
434
443
442
440
441
447
444
446
445
488
461
458
456
453
451
449
450
452
454
455
457
459
460
465
462
464
463
476
472
468
467
466
470
469
471
473
475
474
482
478
477
481
480
479
484
483
487
485
486
489
490
495
492
493
494
