vec: 0 2056 
k: 250000001
sum: 0
2056
vec: 0 5654 
k: 250000001
sum: 0
5654
vec: 0 4631 6490 
k: 250000001
sum: 0
6490
vec: 0 2752 7760 
k: 250000001
sum: 0
7760
vec: 0 4735 
k: 250000001
sum: 0
4735
vec: 0 11113 
k: 250000001
sum: 0
11113
vec: 0 8661 13724 
k: 250000001
sum: 0
13724
vec: 0 9858 
k: 250000001
sum: 0
9858
vec: 0 2316 
k: 250000001
sum: 0
2316
vec: 0 4372 
k: 250000001
sum: 0
4372
vec: 0 12783 
k: 250000001
sum: 0
12783
vec: 0 13746 16459 
k: 250000001
sum: 0
16459
vec: 0 24128 
k: 250000001
sum: 0
24128
vec: 0 756 
k: 250000001
sum: 0
756
vec: 0 984 9168 
k: 250000001
sum: 0
9168
vec: 0 1109 9566 
k: 250000001
sum: 0
9566
vec: 0 720 
k: 250000001
sum: 0
720
vec: 0 454 
k: 250000001
sum: 0
454
vec: 0 3503 
k: 250000001
sum: 0
3503
vec: 0 2880 12608 
k: 250000001
sum: 0
12608
vec: 0 1500 
k: 250000001
sum: 0
1500
vec: 0 9969 
k: 250000001
sum: 0
9969
vec: 0 16997 18620 
k: 250000001
sum: 0
18620
vec: 0 20532 
k: 250000001
sum: 0
20532
vec: 0 21080 
k: 250000001
sum: 0
21080
vec: 0 8550 
k: 250000001
sum: 0
8550
vec: 0 9361 
k: 250000001
sum: 0
9361
vec: 0 12244 
k: 250000001
sum: 0
12244
vec: 0 1089 
k: 250000001
sum: 0
1089
vec: 0 5719 13142 
k: 250000001
sum: 0
13142
vec: 0 9945 13544 
k: 250000001
sum: 0
13544
vec: 0 17612 21972 
k: 250000001
sum: 0
21972
vec: 0 28311 
k: 250000001
sum: 0
28311
vec: 0 19270 33777 
k: 250000001
sum: 0
33777
vec: 0 21261 26411 43752 
k: 250000001
sum: 0
43752
vec: 0 2056 
k: 125000001
sum: 0
2056
vec: 0 5654 
k: 125000001
sum: 0
5654
vec: 0 4631 6490 
k: 125000001
sum: 0
6490
vec: 0 2752 7760 
k: 125000001
sum: 0
7760
vec: 0 4735 
k: 125000001
sum: 0
4735
vec: 0 11113 
k: 125000001
sum: 0
11113
vec: 0 8661 13724 
k: 125000001
sum: 0
13724
vec: 0 9858 
k: 125000001
sum: 0
9858
vec: 0 2316 
k: 125000001
sum: 0
2316
vec: 0 4372 
k: 125000001
sum: 0
4372
vec: 0 12783 
k: 125000001
sum: 0
12783
vec: 0 13746 16459 
k: 125000001
sum: 0
16459
vec: 0 24128 
k: 125000001
sum: 0
24128
vec: 0 756 
k: 125000001
sum: 0
756
vec: 0 984 9168 
k: 125000001
sum: 0
9168
vec: 0 1109 9566 
k: 125000001
sum: 0
9566
vec: 0 720 
k: 125000001
sum: 0
720
vec: 0 454 
k: 125000001
sum: 0
454
vec: 0 3503 
k: 125000001
sum: 0
3503
vec: 0 2880 12608 
k: 125000001
sum: 0
12608
vec: 0 1500 
k: 125000001
sum: 0
1500
vec: 0 9969 
k: 125000001
sum: 0
9969
vec: 0 16997 18620 
k: 125000001
sum: 0
18620
vec: 0 20532 
k: 125000001
sum: 0
20532
vec: 0 21080 
k: 125000001
sum: 0
21080
vec: 0 8550 
k: 125000001
sum: 0
8550
vec: 0 9361 
k: 125000001
sum: 0
9361
vec: 0 12244 
k: 125000001
sum: 0
12244
vec: 0 1089 
k: 125000001
sum: 0
1089
vec: 0 5719 13142 
k: 125000001
sum: 0
13142
vec: 0 9945 13544 
k: 125000001
sum: 0
13544
vec: 0 17612 21972 
k: 125000001
sum: 0
21972
vec: 0 28311 
k: 125000001
sum: 0
28311
vec: 0 19270 33777 
k: 125000001
sum: 0
33777
vec: 0 21261 26411 43752 
k: 125000001
sum: 0
43752
vec: 0 2056 
k: 62500001
sum: 0
2056
vec: 0 5654 
k: 62500001
sum: 0
5654
vec: 0 4631 6490 
k: 62500001
sum: 0
6490
vec: 0 2752 7760 
k: 62500001
sum: 0
7760
vec: 0 4735 
k: 62500001
sum: 0
4735
vec: 0 11113 
k: 62500001
sum: 0
11113
vec: 0 8661 13724 
k: 62500001
sum: 0
13724
vec: 0 9858 
k: 62500001
sum: 0
9858
vec: 0 2316 
k: 62500001
sum: 0
2316
vec: 0 4372 
k: 62500001
sum: 0
4372
vec: 0 12783 
k: 62500001
sum: 0
12783
vec: 0 13746 16459 
k: 62500001
sum: 0
16459
vec: 0 24128 
k: 62500001
sum: 0
24128
vec: 0 756 
k: 62500001
sum: 0
756
vec: 0 984 9168 
k: 62500001
sum: 0
9168
vec: 0 1109 9566 
k: 62500001
sum: 0
9566
vec: 0 720 
k: 62500001
sum: 0
720
vec: 0 454 
k: 62500001
sum: 0
454
vec: 0 3503 
k: 62500001
sum: 0
3503
vec: 0 2880 12608 
k: 62500001
sum: 0
12608
vec: 0 1500 
k: 62500001
sum: 0
1500
vec: 0 9969 
k: 62500001
sum: 0
9969
vec: 0 16997 18620 
k: 62500001
sum: 0
18620
vec: 0 20532 
k: 62500001
sum: 0
20532
vec: 0 21080 
k: 62500001
sum: 0
21080
vec: 0 8550 
k: 62500001
sum: 0
8550
vec: 0 9361 
k: 62500001
sum: 0
9361
vec: 0 12244 
k: 62500001
sum: 0
12244
vec: 0 1089 
k: 62500001
sum: 0
1089
vec: 0 5719 13142 
k: 62500001
sum: 0
13142
vec: 0 9945 13544 
k: 62500001
sum: 0
13544
vec: 0 17612 21972 
k: 62500001
sum: 0
21972
vec: 0 28311 
k: 62500001
sum: 0
28311
vec: 0 19270 33777 
k: 62500001
sum: 0
33777
vec: 0 21261 26411 43752 
k: 62500001
sum: 0
43752
vec: 0 2056 
k: 31250001
sum: 0
2056
vec: 0 5654 
k: 31250001
sum: 0
5654
vec: 0 4631 6490 
k: 31250001
sum: 0
6490
vec: 0 2752 7760 
k: 31250001
sum: 0
7760
vec: 0 4735 
k: 31250001
sum: 0
4735
vec: 0 11113 
k: 31250001
sum: 0
11113
vec: 0 8661 13724 
k: 31250001
sum: 0
13724
vec: 0 9858 
k: 31250001
sum: 0
9858
vec: 0 2316 
k: 31250001
sum: 0
2316
vec: 0 4372 
k: 31250001
sum: 0
4372
vec: 0 12783 
k: 31250001
sum: 0
12783
vec: 0 13746 16459 
k: 31250001
sum: 0
16459
vec: 0 24128 
k: 31250001
sum: 0
24128
vec: 0 756 
k: 31250001
sum: 0
756
vec: 0 984 9168 
k: 31250001
sum: 0
9168
vec: 0 1109 9566 
k: 31250001
sum: 0
9566
vec: 0 720 
k: 31250001
sum: 0
720
vec: 0 454 
k: 31250001
sum: 0
454
vec: 0 3503 
k: 31250001
sum: 0
3503
vec: 0 2880 12608 
k: 31250001
sum: 0
12608
vec: 0 1500 
k: 31250001
sum: 0
1500
vec: 0 9969 
k: 31250001
sum: 0
9969
vec: 0 16997 18620 
k: 31250001
sum: 0
18620
vec: 0 20532 
k: 31250001
sum: 0
20532
vec: 0 21080 
k: 31250001
sum: 0
21080
vec: 0 8550 
k: 31250001
sum: 0
8550
vec: 0 9361 
k: 31250001
sum: 0
9361
vec: 0 12244 
k: 31250001
sum: 0
12244
vec: 0 1089 
k: 31250001
sum: 0
1089
vec: 0 5719 13142 
k: 31250001
sum: 0
13142
vec: 0 9945 13544 
k: 31250001
sum: 0
13544
vec: 0 17612 21972 
k: 31250001
sum: 0
21972
vec: 0 28311 
k: 31250001
sum: 0
28311
vec: 0 19270 33777 
k: 31250001
sum: 0
33777
vec: 0 21261 26411 43752 
k: 31250001
sum: 0
43752
vec: 0 2056 
k: 15625001
sum: 0
2056
vec: 0 5654 
k: 15625001
sum: 0
5654
vec: 0 4631 6490 
k: 15625001
sum: 0
6490
vec: 0 2752 7760 
k: 15625001
sum: 0
7760
vec: 0 4735 
k: 15625001
sum: 0
4735
vec: 0 11113 
k: 15625001
sum: 0
11113
vec: 0 8661 13724 
k: 15625001
sum: 0
13724
vec: 0 9858 
k: 15625001
sum: 0
9858
vec: 0 2316 
k: 15625001
sum: 0
2316
vec: 0 4372 
k: 15625001
sum: 0
4372
vec: 0 12783 
k: 15625001
sum: 0
12783
vec: 0 13746 16459 
k: 15625001
sum: 0
16459
vec: 0 24128 
k: 15625001
sum: 0
24128
vec: 0 756 
k: 15625001
sum: 0
756
vec: 0 984 9168 
k: 15625001
sum: 0
9168
vec: 0 1109 9566 
k: 15625001
sum: 0
9566
vec: 0 720 
k: 15625001
sum: 0
720
vec: 0 454 
k: 15625001
sum: 0
454
vec: 0 3503 
k: 15625001
sum: 0
3503
vec: 0 2880 12608 
k: 15625001
sum: 0
12608
vec: 0 1500 
k: 15625001
sum: 0
1500
vec: 0 9969 
k: 15625001
sum: 0
9969
vec: 0 16997 18620 
k: 15625001
sum: 0
18620
vec: 0 20532 
k: 15625001
sum: 0
20532
vec: 0 21080 
k: 15625001
sum: 0
21080
vec: 0 8550 
k: 15625001
sum: 0
8550
vec: 0 9361 
k: 15625001
sum: 0
9361
vec: 0 12244 
k: 15625001
sum: 0
12244
vec: 0 1089 
k: 15625001
sum: 0
1089
vec: 0 5719 13142 
k: 15625001
sum: 0
13142
vec: 0 9945 13544 
k: 15625001
sum: 0
13544
vec: 0 17612 21972 
k: 15625001
sum: 0
21972
vec: 0 28311 
k: 15625001
sum: 0
28311
vec: 0 19270 33777 
k: 15625001
sum: 0
33777
vec: 0 21261 26411 43752 
k: 15625001
sum: 0
43752
vec: 0 2056 
k: 7812501
sum: 0
2056
vec: 0 5654 
k: 7812501
sum: 0
5654
vec: 0 4631 6490 
k: 7812501
sum: 0
6490
vec: 0 2752 7760 
k: 7812501
sum: 0
7760
vec: 0 4735 
k: 7812501
sum: 0
4735
vec: 0 11113 
k: 7812501
sum: 0
11113
vec: 0 8661 13724 
k: 7812501
sum: 0
13724
vec: 0 9858 
k: 7812501
sum: 0
9858
vec: 0 2316 
k: 7812501
sum: 0
2316
vec: 0 4372 
k: 7812501
sum: 0
4372
vec: 0 12783 
k: 7812501
sum: 0
12783
vec: 0 13746 16459 
k: 7812501
sum: 0
16459
vec: 0 24128 
k: 7812501
sum: 0
24128
vec: 0 756 
k: 7812501
sum: 0
756
vec: 0 984 9168 
k: 7812501
sum: 0
9168
vec: 0 1109 9566 
k: 7812501
sum: 0
9566
vec: 0 720 
k: 7812501
sum: 0
720
vec: 0 454 
k: 7812501
sum: 0
454
vec: 0 3503 
k: 7812501
sum: 0
3503
vec: 0 2880 12608 
k: 7812501
sum: 0
12608
vec: 0 1500 
k: 7812501
sum: 0
1500
vec: 0 9969 
k: 7812501
sum: 0
9969
vec: 0 16997 18620 
k: 7812501
sum: 0
18620
vec: 0 20532 
k: 7812501
sum: 0
20532
vec: 0 21080 
k: 7812501
sum: 0
21080
vec: 0 8550 
k: 7812501
sum: 0
8550
vec: 0 9361 
k: 7812501
sum: 0
9361
vec: 0 12244 
k: 7812501
sum: 0
12244
vec: 0 1089 
k: 7812501
sum: 0
1089
vec: 0 5719 13142 
k: 7812501
sum: 0
13142
vec: 0 9945 13544 
k: 7812501
sum: 0
13544
vec: 0 17612 21972 
k: 7812501
sum: 0
21972
vec: 0 28311 
k: 7812501
sum: 0
28311
vec: 0 19270 33777 
k: 7812501
sum: 0
33777
vec: 0 21261 26411 43752 
k: 7812501
sum: 0
43752
vec: 0 2056 
k: 3906251
sum: 0
2056
vec: 0 5654 
k: 3906251
sum: 0
5654
vec: 0 4631 6490 
k: 3906251
sum: 0
6490
vec: 0 2752 7760 
k: 3906251
sum: 0
7760
vec: 0 4735 
k: 3906251
sum: 0
4735
vec: 0 11113 
k: 3906251
sum: 0
11113
vec: 0 8661 13724 
k: 3906251
sum: 0
13724
vec: 0 9858 
k: 3906251
sum: 0
9858
vec: 0 2316 
k: 3906251
sum: 0
2316
vec: 0 4372 
k: 3906251
sum: 0
4372
vec: 0 12783 
k: 3906251
sum: 0
12783
vec: 0 13746 16459 
k: 3906251
sum: 0
16459
vec: 0 24128 
k: 3906251
sum: 0
24128
vec: 0 756 
k: 3906251
sum: 0
756
vec: 0 984 9168 
k: 3906251
sum: 0
9168
vec: 0 1109 9566 
k: 3906251
sum: 0
9566
vec: 0 720 
k: 3906251
sum: 0
720
vec: 0 454 
k: 3906251
sum: 0
454
vec: 0 3503 
k: 3906251
sum: 0
3503
vec: 0 2880 12608 
k: 3906251
sum: 0
12608
vec: 0 1500 
k: 3906251
sum: 0
1500
vec: 0 9969 
k: 3906251
sum: 0
9969
vec: 0 16997 18620 
k: 3906251
sum: 0
18620
vec: 0 20532 
k: 3906251
sum: 0
20532
vec: 0 21080 
k: 3906251
sum: 0
21080
vec: 0 8550 
k: 3906251
sum: 0
8550
vec: 0 9361 
k: 3906251
sum: 0
9361
vec: 0 12244 
k: 3906251
sum: 0
12244
vec: 0 1089 
k: 3906251
sum: 0
1089
vec: 0 5719 13142 
k: 3906251
sum: 0
13142
vec: 0 9945 13544 
k: 3906251
sum: 0
13544
vec: 0 17612 21972 
k: 3906251
sum: 0
21972
vec: 0 28311 
k: 3906251
sum: 0
28311
vec: 0 19270 33777 
k: 3906251
sum: 0
33777
vec: 0 21261 26411 43752 
k: 3906251
sum: 0
43752
vec: 0 2056 
k: 1953126
sum: 0
2056
vec: 0 5654 
k: 1953126
sum: 0
5654
vec: 0 4631 6490 
k: 1953126
sum: 0
6490
vec: 0 2752 7760 
k: 1953126
sum: 0
7760
vec: 0 4735 
k: 1953126
sum: 0
4735
vec: 0 11113 
k: 1953126
sum: 0
11113
vec: 0 8661 13724 
k: 1953126
sum: 0
13724
vec: 0 9858 
k: 1953126
sum: 0
9858
vec: 0 2316 
k: 1953126
sum: 0
2316
vec: 0 4372 
k: 1953126
sum: 0
4372
vec: 0 12783 
k: 1953126
sum: 0
12783
vec: 0 13746 16459 
k: 1953126
sum: 0
16459
vec: 0 24128 
k: 1953126
sum: 0
24128
vec: 0 756 
k: 1953126
sum: 0
756
vec: 0 984 9168 
k: 1953126
sum: 0
9168
vec: 0 1109 9566 
k: 1953126
sum: 0
9566
vec: 0 720 
k: 1953126
sum: 0
720
vec: 0 454 
k: 1953126
sum: 0
454
vec: 0 3503 
k: 1953126
sum: 0
3503
vec: 0 2880 12608 
k: 1953126
sum: 0
12608
vec: 0 1500 
k: 1953126
sum: 0
1500
vec: 0 9969 
k: 1953126
sum: 0
9969
vec: 0 16997 18620 
k: 1953126
sum: 0
18620
vec: 0 20532 
k: 1953126
sum: 0
20532
vec: 0 21080 
k: 1953126
sum: 0
21080
vec: 0 8550 
k: 1953126
sum: 0
8550
vec: 0 9361 
k: 1953126
sum: 0
9361
vec: 0 12244 
k: 1953126
sum: 0
12244
vec: 0 1089 
k: 1953126
sum: 0
1089
vec: 0 5719 13142 
k: 1953126
sum: 0
13142
vec: 0 9945 13544 
k: 1953126
sum: 0
13544
vec: 0 17612 21972 
k: 1953126
sum: 0
21972
vec: 0 28311 
k: 1953126
sum: 0
28311
vec: 0 19270 33777 
k: 1953126
sum: 0
33777
vec: 0 21261 26411 43752 
k: 1953126
sum: 0
43752
vec: 0 2056 
k: 976564
sum: 0
2056
vec: 0 5654 
k: 976564
sum: 0
5654
vec: 0 4631 6490 
k: 976564
sum: 0
6490
vec: 0 2752 7760 
k: 976564
sum: 0
7760
vec: 0 4735 
k: 976564
sum: 0
4735
vec: 0 11113 
k: 976564
sum: 0
11113
vec: 0 8661 13724 
k: 976564
sum: 0
13724
vec: 0 9858 
k: 976564
sum: 0
9858
vec: 0 2316 
k: 976564
sum: 0
2316
vec: 0 4372 
k: 976564
sum: 0
4372
vec: 0 12783 
k: 976564
sum: 0
12783
vec: 0 13746 16459 
k: 976564
sum: 0
16459
vec: 0 24128 
k: 976564
sum: 0
24128
vec: 0 756 
k: 976564
sum: 0
756
vec: 0 984 9168 
k: 976564
sum: 0
9168
vec: 0 1109 9566 
k: 976564
sum: 0
9566
vec: 0 720 
k: 976564
sum: 0
720
vec: 0 454 
k: 976564
sum: 0
454
vec: 0 3503 
k: 976564
sum: 0
3503
vec: 0 2880 12608 
k: 976564
sum: 0
12608
vec: 0 1500 
k: 976564
sum: 0
1500
vec: 0 9969 
k: 976564
sum: 0
9969
vec: 0 16997 18620 
k: 976564
sum: 0
18620
vec: 0 20532 
k: 976564
sum: 0
20532
vec: 0 21080 
k: 976564
sum: 0
21080
vec: 0 8550 
k: 976564
sum: 0
8550
vec: 0 9361 
k: 976564
sum: 0
9361
vec: 0 12244 
k: 976564
sum: 0
12244
vec: 0 1089 
k: 976564
sum: 0
1089
vec: 0 5719 13142 
k: 976564
sum: 0
13142
vec: 0 9945 13544 
k: 976564
sum: 0
13544
vec: 0 17612 21972 
k: 976564
sum: 0
21972
vec: 0 28311 
k: 976564
sum: 0
28311
vec: 0 19270 33777 
k: 976564
sum: 0
33777
vec: 0 21261 26411 43752 
k: 976564
sum: 0
43752
vec: 0 2056 
k: 488283
sum: 0
2056
vec: 0 5654 
k: 488283
sum: 0
5654
vec: 0 4631 6490 
k: 488283
sum: 0
6490
vec: 0 2752 7760 
k: 488283
sum: 0
7760
vec: 0 4735 
k: 488283
sum: 0
4735
vec: 0 11113 
k: 488283
sum: 0
11113
vec: 0 8661 13724 
k: 488283
sum: 0
13724
vec: 0 9858 
k: 488283
sum: 0
9858
vec: 0 2316 
k: 488283
sum: 0
2316
vec: 0 4372 
k: 488283
sum: 0
4372
vec: 0 12783 
k: 488283
sum: 0
12783
vec: 0 13746 16459 
k: 488283
sum: 0
16459
vec: 0 24128 
k: 488283
sum: 0
24128
vec: 0 756 
k: 488283
sum: 0
756
vec: 0 984 9168 
k: 488283
sum: 0
9168
vec: 0 1109 9566 
k: 488283
sum: 0
9566
vec: 0 720 
k: 488283
sum: 0
720
vec: 0 454 
k: 488283
sum: 0
454
vec: 0 3503 
k: 488283
sum: 0
3503
vec: 0 2880 12608 
k: 488283
sum: 0
12608
vec: 0 1500 
k: 488283
sum: 0
1500
vec: 0 9969 
k: 488283
sum: 0
9969
vec: 0 16997 18620 
k: 488283
sum: 0
18620
vec: 0 20532 
k: 488283
sum: 0
20532
vec: 0 21080 
k: 488283
sum: 0
21080
vec: 0 8550 
k: 488283
sum: 0
8550
vec: 0 9361 
k: 488283
sum: 0
9361
vec: 0 12244 
k: 488283
sum: 0
12244
vec: 0 1089 
k: 488283
sum: 0
1089
vec: 0 5719 13142 
k: 488283
sum: 0
13142
vec: 0 9945 13544 
k: 488283
sum: 0
13544
vec: 0 17612 21972 
k: 488283
sum: 0
21972
vec: 0 28311 
k: 488283
sum: 0
28311
vec: 0 19270 33777 
k: 488283
sum: 0
33777
vec: 0 21261 26411 43752 
k: 488283
sum: 0
43752
vec: 0 2056 
k: 244142
sum: 0
2056
vec: 0 5654 
k: 244142
sum: 0
5654
vec: 0 4631 6490 
k: 244142
sum: 0
6490
vec: 0 2752 7760 
k: 244142
sum: 0
7760
vec: 0 4735 
k: 244142
sum: 0
4735
vec: 0 11113 
k: 244142
sum: 0
11113
vec: 0 8661 13724 
k: 244142
sum: 0
13724
vec: 0 9858 
k: 244142
sum: 0
9858
vec: 0 2316 
k: 244142
sum: 0
2316
vec: 0 4372 
k: 244142
sum: 0
4372
vec: 0 12783 
k: 244142
sum: 0
12783
vec: 0 13746 16459 
k: 244142
sum: 0
16459
vec: 0 24128 
k: 244142
sum: 0
24128
vec: 0 756 
k: 244142
sum: 0
756
vec: 0 984 9168 
k: 244142
sum: 0
9168
vec: 0 1109 9566 
k: 244142
sum: 0
9566
vec: 0 720 
k: 244142
sum: 0
720
vec: 0 454 
k: 244142
sum: 0
454
vec: 0 3503 
k: 244142
sum: 0
3503
vec: 0 2880 12608 
k: 244142
sum: 0
12608
vec: 0 1500 
k: 244142
sum: 0
1500
vec: 0 9969 
k: 244142
sum: 0
9969
vec: 0 16997 18620 
k: 244142
sum: 0
18620
vec: 0 20532 
k: 244142
sum: 0
20532
vec: 0 21080 
k: 244142
sum: 0
21080
vec: 0 8550 
k: 244142
sum: 0
8550
vec: 0 9361 
k: 244142
sum: 0
9361
vec: 0 12244 
k: 244142
sum: 0
12244
vec: 0 1089 
k: 244142
sum: 0
1089
vec: 0 5719 13142 
k: 244142
sum: 0
13142
vec: 0 9945 13544 
k: 244142
sum: 0
13544
vec: 0 17612 21972 
k: 244142
sum: 0
21972
vec: 0 28311 
k: 244142
sum: 0
28311
vec: 0 19270 33777 
k: 244142
sum: 0
33777
vec: 0 21261 26411 43752 
k: 244142
sum: 0
43752
vec: 0 2056 
k: 122072
sum: 0
2056
vec: 0 5654 
k: 122072
sum: 0
5654
vec: 0 4631 6490 
k: 122072
sum: 0
6490
vec: 0 2752 7760 
k: 122072
sum: 0
7760
vec: 0 4735 
k: 122072
sum: 0
4735
vec: 0 11113 
k: 122072
sum: 0
11113
vec: 0 8661 13724 
k: 122072
sum: 0
13724
vec: 0 9858 
k: 122072
sum: 0
9858
vec: 0 2316 
k: 122072
sum: 0
2316
vec: 0 4372 
k: 122072
sum: 0
4372
vec: 0 12783 
k: 122072
sum: 0
12783
vec: 0 13746 16459 
k: 122072
sum: 0
16459
vec: 0 24128 
k: 122072
sum: 0
24128
vec: 0 756 
k: 122072
sum: 0
756
vec: 0 984 9168 
k: 122072
sum: 0
9168
vec: 0 1109 9566 
k: 122072
sum: 0
9566
vec: 0 720 
k: 122072
sum: 0
720
vec: 0 454 
k: 122072
sum: 0
454
vec: 0 3503 
k: 122072
sum: 0
3503
vec: 0 2880 12608 
k: 122072
sum: 0
12608
vec: 0 1500 
k: 122072
sum: 0
1500
vec: 0 9969 
k: 122072
sum: 0
9969
vec: 0 16997 18620 
k: 122072
sum: 0
18620
vec: 0 20532 
k: 122072
sum: 0
20532
vec: 0 21080 
k: 122072
sum: 0
21080
vec: 0 8550 
k: 122072
sum: 0
8550
vec: 0 9361 
k: 122072
sum: 0
9361
vec: 0 12244 
k: 122072
sum: 0
12244
vec: 0 1089 
k: 122072
sum: 0
1089
vec: 0 5719 13142 
k: 122072
sum: 0
13142
vec: 0 9945 13544 
k: 122072
sum: 0
13544
vec: 0 17612 21972 
k: 122072
sum: 0
21972
vec: 0 28311 
k: 122072
sum: 0
28311
vec: 0 19270 33777 
k: 122072
sum: 0
33777
vec: 0 21261 26411 43752 
k: 122072
sum: 0
43752
vec: 0 2056 
k: 61037
sum: 0
2056
vec: 0 5654 
k: 61037
sum: 0
5654
vec: 0 4631 6490 
k: 61037
sum: 0
6490
vec: 0 2752 7760 
k: 61037
sum: 0
7760
vec: 0 4735 
k: 61037
sum: 0
4735
vec: 0 11113 
k: 61037
sum: 0
11113
vec: 0 8661 13724 
k: 61037
sum: 0
13724
vec: 0 9858 
k: 61037
sum: 0
9858
vec: 0 2316 
k: 61037
sum: 0
2316
vec: 0 4372 
k: 61037
sum: 0
4372
vec: 0 12783 
k: 61037
sum: 0
12783
vec: 0 13746 16459 
k: 61037
sum: 0
16459
vec: 0 24128 
k: 61037
sum: 0
24128
vec: 0 756 
k: 61037
sum: 0
756
vec: 0 984 9168 
k: 61037
sum: 0
9168
vec: 0 1109 9566 
k: 61037
sum: 0
9566
vec: 0 720 
k: 61037
sum: 0
720
vec: 0 454 
k: 61037
sum: 0
454
vec: 0 3503 
k: 61037
sum: 0
3503
vec: 0 2880 12608 
k: 61037
sum: 0
12608
vec: 0 1500 
k: 61037
sum: 0
1500
vec: 0 9969 
k: 61037
sum: 0
9969
vec: 0 16997 18620 
k: 61037
sum: 0
18620
vec: 0 20532 
k: 61037
sum: 0
20532
vec: 0 21080 
k: 61037
sum: 0
21080
vec: 0 8550 
k: 61037
sum: 0
8550
vec: 0 9361 
k: 61037
sum: 0
9361
vec: 0 12244 
k: 61037
sum: 0
12244
vec: 0 1089 
k: 61037
sum: 0
1089
vec: 0 5719 13142 
k: 61037
sum: 0
13142
vec: 0 9945 13544 
k: 61037
sum: 0
13544
vec: 0 17612 21972 
k: 61037
sum: 0
21972
vec: 0 28311 
k: 61037
sum: 0
28311
vec: 0 19270 33777 
k: 61037
sum: 0
33777
vec: 0 21261 26411 43752 
k: 61037
sum: 1
26411
vec: 0 2056 
k: 30519
sum: 0
2056
vec: 0 5654 
k: 30519
sum: 0
5654
vec: 0 4631 6490 
k: 30519
sum: 0
6490
vec: 0 2752 7760 
k: 30519
sum: 0
7760
vec: 0 4735 
k: 30519
sum: 0
4735
vec: 0 11113 
k: 30519
sum: 0
11113
vec: 0 8661 13724 
k: 30519
sum: 0
13724
vec: 0 9858 
k: 30519
sum: 0
9858
vec: 0 2316 
k: 30519
sum: 0
2316
vec: 0 4372 
k: 30519
sum: 0
4372
vec: 0 12783 
k: 30519
sum: 0
12783
vec: 0 13746 16459 
k: 30519
sum: 0
16459
vec: 0 24128 
k: 30519
sum: 0
24128
vec: 0 756 
k: 30519
sum: 0
756
vec: 0 984 9168 
k: 30519
sum: 0
9168
vec: 0 1109 9566 
k: 30519
sum: 0
9566
vec: 0 720 
k: 30519
sum: 0
720
vec: 0 454 
k: 30519
sum: 0
454
vec: 0 3503 
k: 30519
sum: 0
3503
vec: 0 2880 12608 
k: 30519
sum: 0
12608
vec: 0 1500 
k: 30519
sum: 0
1500
vec: 0 9969 
k: 30519
sum: 0
9969
vec: 0 16997 18620 
k: 30519
sum: 1
0
vec: 0 1912 
k: 30519
sum: 0
1912
vec: 0 2460 
k: 30519
sum: 0
2460
vec: 0 8550 
k: 30519
sum: 0
8550
vec: 0 9361 
k: 30519
sum: 0
9361
vec: 0 12244 
k: 30519
sum: 0
12244
vec: 0 1089 
k: 30519
sum: 0
1089
vec: 0 5719 13142 
k: 30519
sum: 0
13142
vec: 0 9945 13544 
k: 30519
sum: 0
13544
vec: 0 3352 17612 
k: 30519
sum: 0
17612
vec: 0 23951 
k: 30519
sum: 0
23951
vec: 0 19270 29417 
k: 30519
sum: 1
0
vec: 0 9975 21261 26411 
k: 30519
sum: 1
26411
vec: 0 2056 
k: 15260
sum: 0
2056
vec: 0 5654 
k: 15260
sum: 0
5654
vec: 0 4631 6490 
k: 15260
sum: 0
6490
vec: 0 2752 7760 
k: 15260
sum: 0
7760
vec: 0 4735 
k: 15260
sum: 0
4735
vec: 0 11113 
k: 15260
sum: 0
11113
vec: 0 8661 13724 
k: 15260
sum: 1
0
vec: 0 9858 
k: 15260
sum: 0
9858
vec: 0 2316 
k: 15260
sum: 0
2316
vec: 0 4372 
k: 15260
sum: 0
4372
vec: 0 12783 
k: 15260
sum: 0
12783
vec: 0 13746 
k: 15260
sum: 0
13746
vec: 0 756 
k: 15260
sum: 0
756
vec: 0 984 9168 
k: 15260
sum: 0
9168
vec: 0 1109 9566 
k: 15260
sum: 0
9566
vec: 0 720 
k: 15260
sum: 0
720
vec: 0 454 
k: 15260
sum: 0
454
vec: 0 3503 
k: 15260
sum: 0
3503
vec: 0 2880 12608 
k: 15260
sum: 1
0
vec: 0 1500 
k: 15260
sum: 0
1500
vec: 0 9969 
k: 15260
sum: 0
9969
vec: 0 6012 
k: 15260
sum: 0
6012
vec: 0 7924 
k: 15260
sum: 0
7924
vec: 0 8472 
k: 15260
sum: 0
8472
vec: 0 8550 
k: 15260
sum: 0
8550
vec: 0 9361 
k: 15260
sum: 0
9361
vec: 0 12244 
k: 15260
sum: 0
12244
vec: 0 1089 
k: 15260
sum: 0
1089
vec: 0 5719 13142 
k: 15260
sum: 1
0
vec: 0 402 9945 
k: 15260
sum: 0
9945
vec: 0 9364 14013 
k: 15260
sum: 1
0
vec: 0 6339 
k: 15260
sum: 0
6339
vec: 0 11805 
k: 15260
sum: 0
11805
vec: 0 2283 7537 
k: 15260
sum: 0
7537
vec: 0 2056 
k: 22890
sum: 0
2056
vec: 0 5654 
k: 22890
sum: 0
5654
vec: 0 4631 6490 
k: 22890
sum: 0
6490
vec: 0 2752 7760 
k: 22890
sum: 0
7760
vec: 0 4735 
k: 22890
sum: 0
4735
vec: 0 11113 
k: 22890
sum: 0
11113
vec: 0 8661 13724 
k: 22890
sum: 0
13724
vec: 0 9858 
k: 22890
sum: 0
9858
vec: 0 2316 
k: 22890
sum: 0
2316
vec: 0 4372 
k: 22890
sum: 0
4372
vec: 0 12783 
k: 22890
sum: 0
12783
vec: 0 13746 16459 
k: 22890
sum: 1
0
vec: 0 7669 
k: 22890
sum: 0
7669
vec: 0 756 
k: 22890
sum: 0
756
vec: 0 984 9168 
k: 22890
sum: 0
9168
vec: 0 1109 9566 
k: 22890
sum: 0
9566
vec: 0 720 
k: 22890
sum: 0
720
vec: 0 454 
k: 22890
sum: 0
454
vec: 0 3503 
k: 22890
sum: 0
3503
vec: 0 2880 12608 
k: 22890
sum: 0
12608
vec: 0 1500 
k: 22890
sum: 0
1500
vec: 0 9969 
k: 22890
sum: 0
9969
vec: 0 16997 18620 
k: 22890
sum: 1
0
vec: 0 1912 
k: 22890
sum: 0
1912
vec: 0 2460 
k: 22890
sum: 0
2460
vec: 0 8550 
k: 22890
sum: 0
8550
vec: 0 9361 
k: 22890
sum: 0
9361
vec: 0 12244 
k: 22890
sum: 0
12244
vec: 0 1089 
k: 22890
sum: 0
1089
vec: 0 5719 13142 
k: 22890
sum: 0
13142
vec: 0 9945 13544 
k: 22890
sum: 1
0
vec: 0 3352 4068 
k: 22890
sum: 0
4068
vec: 0 10407 
k: 22890
sum: 0
10407
vec: 0 15873 19270 
k: 22890
sum: 1
0
vec: 0 9952 9975 21261 
k: 22890
sum: 1
9975
vec: 0 2056 
k: 19075
sum: 0
2056
vec: 0 5654 
k: 19075
sum: 0
5654
vec: 0 4631 6490 
k: 19075
sum: 0
6490
vec: 0 2752 7760 
k: 19075
sum: 0
7760
vec: 0 4735 
k: 19075
sum: 0
4735
vec: 0 11113 
k: 19075
sum: 0
11113
vec: 0 8661 13724 
k: 19075
sum: 1
0
vec: 0 9858 
k: 19075
sum: 0
9858
vec: 0 2316 
k: 19075
sum: 0
2316
vec: 0 4372 
k: 19075
sum: 0
4372
vec: 0 12783 
k: 19075
sum: 0
12783
vec: 0 13746 16459 
k: 19075
sum: 1
0
vec: 0 7669 
k: 19075
sum: 0
7669
vec: 0 756 
k: 19075
sum: 0
756
vec: 0 984 9168 
k: 19075
sum: 0
9168
vec: 0 1109 9566 
k: 19075
sum: 0
9566
vec: 0 720 
k: 19075
sum: 0
720
vec: 0 454 
k: 19075
sum: 0
454
vec: 0 3503 
k: 19075
sum: 0
3503
vec: 0 2880 12608 
k: 19075
sum: 0
12608
vec: 0 1500 
k: 19075
sum: 0
1500
vec: 0 9969 
k: 19075
sum: 0
9969
vec: 0 16997 18620 
k: 19075
sum: 1
0
vec: 0 1912 
k: 19075
sum: 0
1912
vec: 0 2460 
k: 19075
sum: 0
2460
vec: 0 8550 
k: 19075
sum: 0
8550
vec: 0 9361 
k: 19075
sum: 0
9361
vec: 0 12244 
k: 19075
sum: 0
12244
vec: 0 1089 
k: 19075
sum: 0
1089
vec: 0 5719 13142 
k: 19075
sum: 0
13142
vec: 0 9945 13544 
k: 19075
sum: 1
0
vec: 0 3352 4068 
k: 19075
sum: 0
4068
vec: 0 10407 
k: 19075
sum: 0
10407
vec: 0 15873 
k: 19075
sum: 0
15873
vec: 0 7537 9952 
k: 19075
sum: 0
9952
vec: 0 2056 
k: 17168
sum: 0
2056
vec: 0 5654 
k: 17168
sum: 0
5654
vec: 0 4631 6490 
k: 17168
sum: 0
6490
vec: 0 2752 7760 
k: 17168
sum: 0
7760
vec: 0 4735 
k: 17168
sum: 0
4735
vec: 0 11113 
k: 17168
sum: 0
11113
vec: 0 8661 13724 
k: 17168
sum: 1
0
vec: 0 9858 
k: 17168
sum: 0
9858
vec: 0 2316 
k: 17168
sum: 0
2316
vec: 0 4372 
k: 17168
sum: 0
4372
vec: 0 12783 
k: 17168
sum: 0
12783
vec: 0 13746 16459 
k: 17168
sum: 1
0
vec: 0 7669 
k: 17168
sum: 0
7669
vec: 0 756 
k: 17168
sum: 0
756
vec: 0 984 9168 
k: 17168
sum: 0
9168
vec: 0 1109 9566 
k: 17168
sum: 0
9566
vec: 0 720 
k: 17168
sum: 0
720
vec: 0 454 
k: 17168
sum: 0
454
vec: 0 3503 
k: 17168
sum: 0
3503
vec: 0 2880 12608 
k: 17168
sum: 0
12608
vec: 0 1500 
k: 17168
sum: 0
1500
vec: 0 9969 
k: 17168
sum: 0
9969
vec: 0 16997 
k: 17168
sum: 0
16997
vec: 0 548 
k: 17168
sum: 0
548
vec: 0 8550 
k: 17168
sum: 0
8550
vec: 0 9361 
k: 17168
sum: 0
9361
vec: 0 12244 
k: 17168
sum: 0
12244
vec: 0 1089 
k: 17168
sum: 0
1089
vec: 0 5719 13142 
k: 17168
sum: 1
0
vec: 0 402 9945 
k: 17168
sum: 0
9945
vec: 0 1440 14013 
k: 17168
sum: 0
14013
vec: 0 5466 
k: 17168
sum: 0
5466
vec: 0 7537 9952 15441 
k: 17168
sum: 1
15441
vec: 0 2056 
k: 18122
sum: 0
2056
vec: 0 5654 
k: 18122
sum: 0
5654
vec: 0 4631 6490 
k: 18122
sum: 0
6490
vec: 0 2752 7760 
k: 18122
sum: 0
7760
vec: 0 4735 
k: 18122
sum: 0
4735
vec: 0 11113 
k: 18122
sum: 0
11113
vec: 0 8661 13724 
k: 18122
sum: 1
0
vec: 0 9858 
k: 18122
sum: 0
9858
vec: 0 2316 
k: 18122
sum: 0
2316
vec: 0 4372 
k: 18122
sum: 0
4372
vec: 0 12783 
k: 18122
sum: 0
12783
vec: 0 13746 16459 
k: 18122
sum: 1
0
vec: 0 7669 
k: 18122
sum: 0
7669
vec: 0 756 
k: 18122
sum: 0
756
vec: 0 984 9168 
k: 18122
sum: 0
9168
vec: 0 1109 9566 
k: 18122
sum: 0
9566
vec: 0 720 
k: 18122
sum: 0
720
vec: 0 454 
k: 18122
sum: 0
454
vec: 0 3503 
k: 18122
sum: 0
3503
vec: 0 2880 12608 
k: 18122
sum: 0
12608
vec: 0 1500 
k: 18122
sum: 0
1500
vec: 0 9969 
k: 18122
sum: 0
9969
vec: 0 16997 
k: 18122
sum: 0
16997
vec: 0 548 
k: 18122
sum: 0
548
vec: 0 8550 
k: 18122
sum: 0
8550
vec: 0 9361 
k: 18122
sum: 0
9361
vec: 0 12244 
k: 18122
sum: 0
12244
vec: 0 1089 
k: 18122
sum: 0
1089
vec: 0 5719 13142 
k: 18122
sum: 1
0
vec: 0 402 9945 
k: 18122
sum: 0
9945
vec: 0 1440 14013 
k: 18122
sum: 0
14013
vec: 0 5466 
k: 18122
sum: 0
5466
vec: 0 7537 9952 15441 
k: 18122
sum: 1
9952
vec: 0 2056 
k: 18599
sum: 0
2056
vec: 0 5654 
k: 18599
sum: 0
5654
vec: 0 4631 6490 
k: 18599
sum: 0
6490
vec: 0 2752 7760 
k: 18599
sum: 0
7760
vec: 0 4735 
k: 18599
sum: 0
4735
vec: 0 11113 
k: 18599
sum: 0
11113
vec: 0 8661 13724 
k: 18599
sum: 1
0
vec: 0 9858 
k: 18599
sum: 0
9858
vec: 0 2316 
k: 18599
sum: 0
2316
vec: 0 4372 
k: 18599
sum: 0
4372
vec: 0 12783 
k: 18599
sum: 0
12783
vec: 0 13746 16459 
k: 18599
sum: 1
0
vec: 0 7669 
k: 18599
sum: 0
7669
vec: 0 756 
k: 18599
sum: 0
756
vec: 0 984 9168 
k: 18599
sum: 0
9168
vec: 0 1109 9566 
k: 18599
sum: 0
9566
vec: 0 720 
k: 18599
sum: 0
720
vec: 0 454 
k: 18599
sum: 0
454
vec: 0 3503 
k: 18599
sum: 0
3503
vec: 0 2880 12608 
k: 18599
sum: 0
12608
vec: 0 1500 
k: 18599
sum: 0
1500
vec: 0 9969 
k: 18599
sum: 0
9969
vec: 0 16997 
k: 18599
sum: 0
16997
vec: 0 548 
k: 18599
sum: 0
548
vec: 0 8550 
k: 18599
sum: 0
8550
vec: 0 9361 
k: 18599
sum: 0
9361
vec: 0 12244 
k: 18599
sum: 0
12244
vec: 0 1089 
k: 18599
sum: 0
1089
vec: 0 5719 13142 
k: 18599
sum: 1
0
vec: 0 402 9945 
k: 18599
sum: 0
9945
vec: 0 1440 14013 
k: 18599
sum: 0
14013
vec: 0 5466 
k: 18599
sum: 0
5466
vec: 0 7537 9952 15441 
k: 18599
sum: 1
9952
vec: 0 2056 
k: 18837
sum: 0
2056
vec: 0 5654 
k: 18837
sum: 0
5654
vec: 0 4631 6490 
k: 18837
sum: 0
6490
vec: 0 2752 7760 
k: 18837
sum: 0
7760
vec: 0 4735 
k: 18837
sum: 0
4735
vec: 0 11113 
k: 18837
sum: 0
11113
vec: 0 8661 13724 
k: 18837
sum: 1
0
vec: 0 9858 
k: 18837
sum: 0
9858
vec: 0 2316 
k: 18837
sum: 0
2316
vec: 0 4372 
k: 18837
sum: 0
4372
vec: 0 12783 
k: 18837
sum: 0
12783
vec: 0 13746 16459 
k: 18837
sum: 1
0
vec: 0 7669 
k: 18837
sum: 0
7669
vec: 0 756 
k: 18837
sum: 0
756
vec: 0 984 9168 
k: 18837
sum: 0
9168
vec: 0 1109 9566 
k: 18837
sum: 0
9566
vec: 0 720 
k: 18837
sum: 0
720
vec: 0 454 
k: 18837
sum: 0
454
vec: 0 3503 
k: 18837
sum: 0
3503
vec: 0 2880 12608 
k: 18837
sum: 0
12608
vec: 0 1500 
k: 18837
sum: 0
1500
vec: 0 9969 
k: 18837
sum: 0
9969
vec: 0 16997 18620 
k: 18837
sum: 1
0
vec: 0 1912 
k: 18837
sum: 0
1912
vec: 0 2460 
k: 18837
sum: 0
2460
vec: 0 8550 
k: 18837
sum: 0
8550
vec: 0 9361 
k: 18837
sum: 0
9361
vec: 0 12244 
k: 18837
sum: 0
12244
vec: 0 1089 
k: 18837
sum: 0
1089
vec: 0 5719 13142 
k: 18837
sum: 1
0
vec: 0 402 9945 
k: 18837
sum: 0
9945
vec: 0 3352 14013 
k: 18837
sum: 0
14013
vec: 0 5466 
k: 18837
sum: 0
5466
vec: 0 7537 9952 15441 
k: 18837
sum: 1
9952
vec: 0 2056 
k: 18956
sum: 0
2056
vec: 0 5654 
k: 18956
sum: 0
5654
vec: 0 4631 6490 
k: 18956
sum: 0
6490
vec: 0 2752 7760 
k: 18956
sum: 0
7760
vec: 0 4735 
k: 18956
sum: 0
4735
vec: 0 11113 
k: 18956
sum: 0
11113
vec: 0 8661 13724 
k: 18956
sum: 1
0
vec: 0 9858 
k: 18956
sum: 0
9858
vec: 0 2316 
k: 18956
sum: 0
2316
vec: 0 4372 
k: 18956
sum: 0
4372
vec: 0 12783 
k: 18956
sum: 0
12783
vec: 0 13746 16459 
k: 18956
sum: 1
0
vec: 0 7669 
k: 18956
sum: 0
7669
vec: 0 756 
k: 18956
sum: 0
756
vec: 0 984 9168 
k: 18956
sum: 0
9168
vec: 0 1109 9566 
k: 18956
sum: 0
9566
vec: 0 720 
k: 18956
sum: 0
720
vec: 0 454 
k: 18956
sum: 0
454
vec: 0 3503 
k: 18956
sum: 0
3503
vec: 0 2880 12608 
k: 18956
sum: 0
12608
vec: 0 1500 
k: 18956
sum: 0
1500
vec: 0 9969 
k: 18956
sum: 0
9969
vec: 0 16997 18620 
k: 18956
sum: 1
0
vec: 0 1912 
k: 18956
sum: 0
1912
vec: 0 2460 
k: 18956
sum: 0
2460
vec: 0 8550 
k: 18956
sum: 0
8550
vec: 0 9361 
k: 18956
sum: 0
9361
vec: 0 12244 
k: 18956
sum: 0
12244
vec: 0 1089 
k: 18956
sum: 0
1089
vec: 0 5719 13142 
k: 18956
sum: 0
13142
vec: 0 9945 13544 
k: 18956
sum: 1
0
vec: 0 3352 4068 
k: 18956
sum: 0
4068
vec: 0 10407 
k: 18956
sum: 0
10407
vec: 0 15873 
k: 18956
sum: 0
15873
vec: 0 7537 9952 
k: 18956
sum: 0
9952
vec: 0 2056 
k: 18897
sum: 0
2056
vec: 0 5654 
k: 18897
sum: 0
5654
vec: 0 4631 6490 
k: 18897
sum: 0
6490
vec: 0 2752 7760 
k: 18897
sum: 0
7760
vec: 0 4735 
k: 18897
sum: 0
4735
vec: 0 11113 
k: 18897
sum: 0
11113
vec: 0 8661 13724 
k: 18897
sum: 1
0
vec: 0 9858 
k: 18897
sum: 0
9858
vec: 0 2316 
k: 18897
sum: 0
2316
vec: 0 4372 
k: 18897
sum: 0
4372
vec: 0 12783 
k: 18897
sum: 0
12783
vec: 0 13746 16459 
k: 18897
sum: 1
0
vec: 0 7669 
k: 18897
sum: 0
7669
vec: 0 756 
k: 18897
sum: 0
756
vec: 0 984 9168 
k: 18897
sum: 0
9168
vec: 0 1109 9566 
k: 18897
sum: 0
9566
vec: 0 720 
k: 18897
sum: 0
720
vec: 0 454 
k: 18897
sum: 0
454
vec: 0 3503 
k: 18897
sum: 0
3503
vec: 0 2880 12608 
k: 18897
sum: 0
12608
vec: 0 1500 
k: 18897
sum: 0
1500
vec: 0 9969 
k: 18897
sum: 0
9969
vec: 0 16997 18620 
k: 18897
sum: 1
0
vec: 0 1912 
k: 18897
sum: 0
1912
vec: 0 2460 
k: 18897
sum: 0
2460
vec: 0 8550 
k: 18897
sum: 0
8550
vec: 0 9361 
k: 18897
sum: 0
9361
vec: 0 12244 
k: 18897
sum: 0
12244
vec: 0 1089 
k: 18897
sum: 0
1089
vec: 0 5719 13142 
k: 18897
sum: 0
13142
vec: 0 9945 13544 
k: 18897
sum: 1
0
vec: 0 3352 4068 
k: 18897
sum: 0
4068
vec: 0 10407 
k: 18897
sum: 0
10407
vec: 0 15873 
k: 18897
sum: 0
15873
vec: 0 7537 9952 
k: 18897
sum: 0
9952
vec: 0 2056 
k: 18867
sum: 0
2056
vec: 0 5654 
k: 18867
sum: 0
5654
vec: 0 4631 6490 
k: 18867
sum: 0
6490
vec: 0 2752 7760 
k: 18867
sum: 0
7760
vec: 0 4735 
k: 18867
sum: 0
4735
vec: 0 11113 
k: 18867
sum: 0
11113
vec: 0 8661 13724 
k: 18867
sum: 1
0
vec: 0 9858 
k: 18867
sum: 0
9858
vec: 0 2316 
k: 18867
sum: 0
2316
vec: 0 4372 
k: 18867
sum: 0
4372
vec: 0 12783 
k: 18867
sum: 0
12783
vec: 0 13746 16459 
k: 18867
sum: 1
0
vec: 0 7669 
k: 18867
sum: 0
7669
vec: 0 756 
k: 18867
sum: 0
756
vec: 0 984 9168 
k: 18867
sum: 0
9168
vec: 0 1109 9566 
k: 18867
sum: 0
9566
vec: 0 720 
k: 18867
sum: 0
720
vec: 0 454 
k: 18867
sum: 0
454
vec: 0 3503 
k: 18867
sum: 0
3503
vec: 0 2880 12608 
k: 18867
sum: 0
12608
vec: 0 1500 
k: 18867
sum: 0
1500
vec: 0 9969 
k: 18867
sum: 0
9969
vec: 0 16997 18620 
k: 18867
sum: 1
0
vec: 0 1912 
k: 18867
sum: 0
1912
vec: 0 2460 
k: 18867
sum: 0
2460
vec: 0 8550 
k: 18867
sum: 0
8550
vec: 0 9361 
k: 18867
sum: 0
9361
vec: 0 12244 
k: 18867
sum: 0
12244
vec: 0 1089 
k: 18867
sum: 0
1089
vec: 0 5719 13142 
k: 18867
sum: 0
13142
vec: 0 9945 13544 
k: 18867
sum: 1
0
vec: 0 3352 4068 
k: 18867
sum: 0
4068
vec: 0 10407 
k: 18867
sum: 0
10407
vec: 0 15873 
k: 18867
sum: 0
15873
vec: 0 7537 9952 
k: 18867
sum: 0
9952
vec: 0 2056 
k: 18852
sum: 0
2056
vec: 0 5654 
k: 18852
sum: 0
5654
vec: 0 4631 6490 
k: 18852
sum: 0
6490
vec: 0 2752 7760 
k: 18852
sum: 0
7760
vec: 0 4735 
k: 18852
sum: 0
4735
vec: 0 11113 
k: 18852
sum: 0
11113
vec: 0 8661 13724 
k: 18852
sum: 1
0
vec: 0 9858 
k: 18852
sum: 0
9858
vec: 0 2316 
k: 18852
sum: 0
2316
vec: 0 4372 
k: 18852
sum: 0
4372
vec: 0 12783 
k: 18852
sum: 0
12783
vec: 0 13746 16459 
k: 18852
sum: 1
0
vec: 0 7669 
k: 18852
sum: 0
7669
vec: 0 756 
k: 18852
sum: 0
756
vec: 0 984 9168 
k: 18852
sum: 0
9168
vec: 0 1109 9566 
k: 18852
sum: 0
9566
vec: 0 720 
k: 18852
sum: 0
720
vec: 0 454 
k: 18852
sum: 0
454
vec: 0 3503 
k: 18852
sum: 0
3503
vec: 0 2880 12608 
k: 18852
sum: 0
12608
vec: 0 1500 
k: 18852
sum: 0
1500
vec: 0 9969 
k: 18852
sum: 0
9969
vec: 0 16997 18620 
k: 18852
sum: 1
0
vec: 0 1912 
k: 18852
sum: 0
1912
vec: 0 2460 
k: 18852
sum: 0
2460
vec: 0 8550 
k: 18852
sum: 0
8550
vec: 0 9361 
k: 18852
sum: 0
9361
vec: 0 12244 
k: 18852
sum: 0
12244
vec: 0 1089 
k: 18852
sum: 0
1089
vec: 0 5719 13142 
k: 18852
sum: 1
0
vec: 0 402 9945 
k: 18852
sum: 0
9945
vec: 0 3352 14013 
k: 18852
sum: 0
14013
vec: 0 5466 
k: 18852
sum: 0
5466
vec: 0 7537 9952 15441 
k: 18852
sum: 1
9952
vec: 0 2056 
k: 18860
sum: 0
2056
vec: 0 5654 
k: 18860
sum: 0
5654
vec: 0 4631 6490 
k: 18860
sum: 0
6490
vec: 0 2752 7760 
k: 18860
sum: 0
7760
vec: 0 4735 
k: 18860
sum: 0
4735
vec: 0 11113 
k: 18860
sum: 0
11113
vec: 0 8661 13724 
k: 18860
sum: 1
0
vec: 0 9858 
k: 18860
sum: 0
9858
vec: 0 2316 
k: 18860
sum: 0
2316
vec: 0 4372 
k: 18860
sum: 0
4372
vec: 0 12783 
k: 18860
sum: 0
12783
vec: 0 13746 16459 
k: 18860
sum: 1
0
vec: 0 7669 
k: 18860
sum: 0
7669
vec: 0 756 
k: 18860
sum: 0
756
vec: 0 984 9168 
k: 18860
sum: 0
9168
vec: 0 1109 9566 
k: 18860
sum: 0
9566
vec: 0 720 
k: 18860
sum: 0
720
vec: 0 454 
k: 18860
sum: 0
454
vec: 0 3503 
k: 18860
sum: 0
3503
vec: 0 2880 12608 
k: 18860
sum: 0
12608
vec: 0 1500 
k: 18860
sum: 0
1500
vec: 0 9969 
k: 18860
sum: 0
9969
vec: 0 16997 18620 
k: 18860
sum: 1
0
vec: 0 1912 
k: 18860
sum: 0
1912
vec: 0 2460 
k: 18860
sum: 0
2460
vec: 0 8550 
k: 18860
sum: 0
8550
vec: 0 9361 
k: 18860
sum: 0
9361
vec: 0 12244 
k: 18860
sum: 0
12244
vec: 0 1089 
k: 18860
sum: 0
1089
vec: 0 5719 13142 
k: 18860
sum: 1
0
vec: 0 402 9945 
k: 18860
sum: 0
9945
vec: 0 3352 14013 
k: 18860
sum: 0
14013
vec: 0 5466 
k: 18860
sum: 0
5466
vec: 0 7537 9952 15441 
k: 18860
sum: 1
9952
vec: 0 2056 
k: 18864
sum: 0
2056
vec: 0 5654 
k: 18864
sum: 0
5654
vec: 0 4631 6490 
k: 18864
sum: 0
6490
vec: 0 2752 7760 
k: 18864
sum: 0
7760
vec: 0 4735 
k: 18864
sum: 0
4735
vec: 0 11113 
k: 18864
sum: 0
11113
vec: 0 8661 13724 
k: 18864
sum: 1
0
vec: 0 9858 
k: 18864
sum: 0
9858
vec: 0 2316 
k: 18864
sum: 0
2316
vec: 0 4372 
k: 18864
sum: 0
4372
vec: 0 12783 
k: 18864
sum: 0
12783
vec: 0 13746 16459 
k: 18864
sum: 1
0
vec: 0 7669 
k: 18864
sum: 0
7669
vec: 0 756 
k: 18864
sum: 0
756
vec: 0 984 9168 
k: 18864
sum: 0
9168
vec: 0 1109 9566 
k: 18864
sum: 0
9566
vec: 0 720 
k: 18864
sum: 0
720
vec: 0 454 
k: 18864
sum: 0
454
vec: 0 3503 
k: 18864
sum: 0
3503
vec: 0 2880 12608 
k: 18864
sum: 0
12608
vec: 0 1500 
k: 18864
sum: 0
1500
vec: 0 9969 
k: 18864
sum: 0
9969
vec: 0 16997 18620 
k: 18864
sum: 1
0
vec: 0 1912 
k: 18864
sum: 0
1912
vec: 0 2460 
k: 18864
sum: 0
2460
vec: 0 8550 
k: 18864
sum: 0
8550
vec: 0 9361 
k: 18864
sum: 0
9361
vec: 0 12244 
k: 18864
sum: 0
12244
vec: 0 1089 
k: 18864
sum: 0
1089
vec: 0 5719 13142 
k: 18864
sum: 0
13142
vec: 0 9945 13544 
k: 18864
sum: 1
0
vec: 0 3352 4068 
k: 18864
sum: 0
4068
vec: 0 10407 
k: 18864
sum: 0
10407
vec: 0 15873 
k: 18864
sum: 0
15873
vec: 0 7537 9952 
k: 18864
sum: 0
9952
vec: 0 2056 
k: 18862
sum: 0
2056
vec: 0 5654 
k: 18862
sum: 0
5654
vec: 0 4631 6490 
k: 18862
sum: 0
6490
vec: 0 2752 7760 
k: 18862
sum: 0
7760
vec: 0 4735 
k: 18862
sum: 0
4735
vec: 0 11113 
k: 18862
sum: 0
11113
vec: 0 8661 13724 
k: 18862
sum: 1
0
vec: 0 9858 
k: 18862
sum: 0
9858
vec: 0 2316 
k: 18862
sum: 0
2316
vec: 0 4372 
k: 18862
sum: 0
4372
vec: 0 12783 
k: 18862
sum: 0
12783
vec: 0 13746 16459 
k: 18862
sum: 1
0
vec: 0 7669 
k: 18862
sum: 0
7669
vec: 0 756 
k: 18862
sum: 0
756
vec: 0 984 9168 
k: 18862
sum: 0
9168
vec: 0 1109 9566 
k: 18862
sum: 0
9566
vec: 0 720 
k: 18862
sum: 0
720
vec: 0 454 
k: 18862
sum: 0
454
vec: 0 3503 
k: 18862
sum: 0
3503
vec: 0 2880 12608 
k: 18862
sum: 0
12608
vec: 0 1500 
k: 18862
sum: 0
1500
vec: 0 9969 
k: 18862
sum: 0
9969
vec: 0 16997 18620 
k: 18862
sum: 1
0
vec: 0 1912 
k: 18862
sum: 0
1912
vec: 0 2460 
k: 18862
sum: 0
2460
vec: 0 8550 
k: 18862
sum: 0
8550
vec: 0 9361 
k: 18862
sum: 0
9361
vec: 0 12244 
k: 18862
sum: 0
12244
vec: 0 1089 
k: 18862
sum: 0
1089
vec: 0 5719 13142 
k: 18862
sum: 0
13142
vec: 0 9945 13544 
k: 18862
sum: 1
0
vec: 0 3352 4068 
k: 18862
sum: 0
4068
vec: 0 10407 
k: 18862
sum: 0
10407
vec: 0 15873 
k: 18862
sum: 0
15873
vec: 0 7537 9952 
k: 18862
sum: 0
9952
vec: 0 2056 
k: 18861
sum: 0
2056
vec: 0 5654 
k: 18861
sum: 0
5654
vec: 0 4631 6490 
k: 18861
sum: 0
6490
vec: 0 2752 7760 
k: 18861
sum: 0
7760
vec: 0 4735 
k: 18861
sum: 0
4735
vec: 0 11113 
k: 18861
sum: 0
11113
vec: 0 8661 13724 
k: 18861
sum: 1
0
vec: 0 9858 
k: 18861
sum: 0
9858
vec: 0 2316 
k: 18861
sum: 0
2316
vec: 0 4372 
k: 18861
sum: 0
4372
vec: 0 12783 
k: 18861
sum: 0
12783
vec: 0 13746 16459 
k: 18861
sum: 1
0
vec: 0 7669 
k: 18861
sum: 0
7669
vec: 0 756 
k: 18861
sum: 0
756
vec: 0 984 9168 
k: 18861
sum: 0
9168
vec: 0 1109 9566 
k: 18861
sum: 0
9566
vec: 0 720 
k: 18861
sum: 0
720
vec: 0 454 
k: 18861
sum: 0
454
vec: 0 3503 
k: 18861
sum: 0
3503
vec: 0 2880 12608 
k: 18861
sum: 0
12608
vec: 0 1500 
k: 18861
sum: 0
1500
vec: 0 9969 
k: 18861
sum: 0
9969
vec: 0 16997 18620 
k: 18861
sum: 1
0
vec: 0 1912 
k: 18861
sum: 0
1912
vec: 0 2460 
k: 18861
sum: 0
2460
vec: 0 8550 
k: 18861
sum: 0
8550
vec: 0 9361 
k: 18861
sum: 0
9361
vec: 0 12244 
k: 18861
sum: 0
12244
vec: 0 1089 
k: 18861
sum: 0
1089
vec: 0 5719 13142 
k: 18861
sum: 1
0
vec: 0 402 9945 
k: 18861
sum: 0
9945
vec: 0 3352 14013 
k: 18861
sum: 0
14013
vec: 0 5466 
k: 18861
sum: 0
5466
vec: 0 7537 9952 15441 
k: 18861
sum: 1
9952
18861