1999 1394
631 344
559 293
646 342
713 397
1951 1292
134 296
1290 839
1254 1027
1330 1112
687 356
33 91
2 5
571 1010
1057 578
1786 1186
208 414
2044 1447
953 829
1269 912
820 435
1499 919
1689 1247
69 183
35 117
448 597
1665 1225
627 348
732 415
163 339
123 197
681 709
1673 881
689 747
29 98
1801 1349
737 390
21 153
19 45
174 357
1852 1126
474 239
627 322
1694 1165
1166 616
1921 1045
2068 1466
975 508
1576 833
188 94
535 277
1857 1181
1289 1100
1514 972
1789 1119
62 119
241 296
1929 1252
170 74
1464 1028
459 437
1124 739
2048 1405
1162 622
1491 1154
1255 832
176 340
1202 818
135 288
1926 1420
48 155
659 350
200 413
126 201
165 303
1566 1177
2053 1276
1961 1406
194 446
411 234
1985 1454
377 401
27 27
110 292
1514 1059
194 112
1858 1285
608 467
1482 791
1497 1048
645 365
1068 790
1369 720
958 512
1048 617
11 56
831 453
1792 1422
213 430
1943 1036
385 214
207 116
85 39
907 953
1 2
435 238
1872 1220
187 390
224 437
40 92
346 228
209 301
49 77
73 115
122 190
1575 1062
193 405
1694 1023
434 785
448 239
294 138
157 298
1135 608
1793 1332
346 512
2018 1522
144 256
546 305
1434 899
691 688
39 90
1714 1254
16 109
74 158
1758 1230
1851 1563
7 64
91 191
21 128
28 164
169 430
1921 1392
835 463
611 312
895 704
9 9
1236 1079
23 74
1702 1208
900 488
760 424
1967 1231
3 7
474 251
18 106
35 45
1289 691
1688 1229
494 311
2132 1326
211 498
784 424
618 394
1984 1366
844 781
70 198
580 314
1675 1172
1243 1003
425 498
1534 947
331 538
1216 644
2091 1366
20 220
802 423
1187 960
1900 1576
1728 1019
77 236
464 439
65 138
32 79
1000 983
1090 655
1067 852
1212 830
1642 1159
69 198
5 43
562 734
1722 928
1211 661
32 19
16 14
33 111
1307 1069
44 41
290 167
1101 832
188 397
1461 788
65 205
22 191
996 522
997 1151
69 189
1261 1071
274 444
203 428
2086 1462
533 648
89 171
778 618
718 381
85 190
957 854
636 370
617 344
1842 962
72 426
898 711
1199 831
898 494
73 211
139 256
915 847
1089 829
412 669
884 486
189 288
1594 1124
4 40
526 265
341 183
1443 780
1230 851
288 403
1925 1456
1017 764
334 169
26 50
1154 863
1521 1144
443 230
165 294
989 676
178 473
31 19
1540 1312
142 283
2067 1419
1599 1058
128 244
197 289
420 583
1315 741
272 465
1224 1049
120 273
1093 833
1508 796
33 37
663 560
1786 1153
604 656
2194 1581
420 599
175 359
120 168
127 293
150 255
1827 1325
200 105
182 292
192 392
719 1010
1696 1210
447 244
87 175
813 615
147 277
963 505
1303 706
61 78
1016 802
8 34
214 476
61 76
963 504
244 340
368 314
204 302
1 2
1117 714
505 410
377 464
358 220
1248 1125
1344 936
990 846
1149 848
99 202
1149 615
826 1132
73 149
645 699
28 56
817 881
1140 801
139 228
54 69
138 69
26 107
1911 1382
1522 1150
1203 681
47 116
1670 1253
335 173
34 130
18 36
713 537
693 376
748 753
2235 1746
139 317
442 690
182 488
122 146
15 11
1932 1235
1529 860
691 378
37 85
1903 1376
712 580
36 117
185 418
2225 1514
171 362
511 265
259 435
1074 769
202 417
386 559
862 637
1003 724
1170 780
853 764
30 122
1446 1110
928 499
1818 1199
581 312
2038 1534
557 452
626 347
650 796
1223 910
1056 575
2183 1559
1443 773
192 358
115 163
107 431
261 189
640 708
1762 1159
1039 871
908 485
1602 1195
159 321
128 257
669 613
86 51
59 247
116 230
245 478
246 450
606 304
1820 1060
917 502
1879 1408
1456 1056
141 70
573 563
188 381
23 135
174 365
1326 1126
154 281
61 285
83 151
1820 1014
697 705
515 260
588 641
90 188
325 239
857 468
1085 631
1889 1167
185 366
9 17
374 204
139 82
2012 1551
906 701
154 92
100 323
234 132
28 84
840 840
27 44
712 565
1497 993
175 315
154 336
329 179
285 163
453 478
1002 543
993 544
4 15
1852 1208
786 558
953 986
26 209
1194 781
454 277
595 317
274 609
871 656
1202 761
1721 1370
225 497
43 55
1370 730
531 331
65 139
1300 692
731 391
881 476
63 132
1528 806
416 646
1204 977
878 810
21 73
1136 686
288 317
163 302
125 354
215 122
1460 1135
223 366
1792 1358
713 372
844 493
2157 1335
1170 1020
1253 856
2195 1559
731 638
354 347
665 661
580 895
1869 1538
1163 669
25 108
1071 664
7 27
140 477
1676 1108
201 437
652 784
741 386
1263 1030
4 17
351 171
1220 851
381 200
255 178
362 404
420 214
502 273
85 50
544 808
1089 611
879 456
22 86
1302 1091
975 842
23 47
60 130
159 310
975 738
1293 702
612 661
604 666
1527 805
324 185
682 543
68 298
485 461
36 96
65 33
100 60
122 205
122 189
2007 1260
1220 672
1019 783
336 178
1867 1391
111 173
12 30
1266 1063
363 189
23 14
1280 693
198 102
461 577
829 630
631 321
1102 858
696 580
1226 1081
2072 1296
561 403
116 202
1090 898
1204 637
1601 1192
195 111
14 8
1 0
1456 1005
597 332
271 149
1201 641
950 1016
1495 1370
1087 588
316 171
751 468
114 218
8 32
181 419
1420 759
1623 1368
484 318
1621 1082
674 363
1376 921
1042 625
1161 736
1429 816
1273 741
641 339
78 274
830 487
1081 580
1988 1184
1055 568
606 514
674 382
1877 1364
217 122
1497 968
673 367
194 404
1348 1056
689 570
19 53
423 218
98 198
158 91
3 19
962 842
226 126
357 181
98 170
571 623
1955 1167
992 544
403 272
670 660
1790 1382
3 20
376 210
112 51
183 393
1272 885
629 672
725 403
747 688
1550 1110
983 900
60 35
88 191
98 119
1788 1072
99 217
79 46
2222 1525
99 223
13 141
87 303
2 8
109 203
1559 1085
358 573
1073 781
1860 1245
1669 1492
797 801
401 200
1689 915
1004 543
187 359
365 534
798 422
1612 1032
505 266
8 6
169 396
311 281
186 101
1502 1185
1046 799
751 395
12 44
75 47
143 252
133 240
1283 691
1073 584
109 185
216 124
489 873
1408 965
1524 810
1221 850
1366 1066
543 293
2041 1212
212 456
103 289
1836 1249
1282 873
402 556
1157 613
71 255
676 346
2089 1298
569 312
1007 681
311 352
241 137
13 137
106 146
398 270
20 123
946 709
1353 1069
1823 1029
1519 1009
200 417
1759 1484
1394 992
70 93
229 134
2042 1131
632 320
9 93
1717 1165
102 206
313 174
2064 1553
1030 557
581 319
1375 870
37 150
598 334
77 155
1294 897
1520 881
1058 629
1725 1263
8 100
793 508
803 566
565 314
1987 1632
1959 1357
773 1086
373 194
2 3
137 353
885 485
729 630
447 411
398 209
2096 1303
899 563
1539 1204
993 910
36 53
1011 576
271 305
2001 1418
677 506
904 487
384 192
230 112
41 110
1286 1000
1887 1303
1857 1421
245 137
528 399
1123 913
760 828
1167 641
41 64
256 120
369 220
61 109
1564 1079
240 136
808 435
122 185
518 606
667 345
1714 1261
1152 851
1647 937
1046 547
79 265
970 525
42 68
348 181
492 669
912 765
2 6
242 134
20 134
1210 790
1196 844
571 305
626 528
611 647
976 529
1375 1071
1007 822
217 398
1 2
23 27
708 714
19 155
7 34
343 180
1760 1066
659 712
477 631
627 626
57 90
170 99
1286 887
23 34
105 196
1225 706
886 479
191 371
1212 1027
1108 610
154 295
870 468
10 9
308 166
144 271
2111 1455
1941 1573
476 253
590 682
999 907
695 590
44 65
1416 1173
1061 569
2040 1176
580 318
2183 1584
1809 1372
1378 741
416 225
351 394
1971 1252
2163 1465
765 429
20 59
225 473
91 59
3 6
1127 973
29 45
1851 1308
884 456
1210 977
988 736
597 328
1171 626
584 320
283 296
1987 1214
1844 964
1784 1265
760 399
145 282
1375 1199
47 127
204 433
1874 1501
1011 537
215 120
498 511
116 250
213 451
69 161
545 607
923 855
363 194
2029 1423
184 360
334 367
465 227
1317 1036
1280 685
950 903
1430 1177
143 74
699 576
1885 998
173 312
2186 1449
80 159
759 726
37 24
18 8
124 61
8 50
130 238
876 463
1236 656
1901 1355
859 452
288 157
1494 1012
440 252
1486 966
122 183
1475 789
542 475
1298 693
722 383
1494 1203
2008 1183
1430 946
57 153
1748 910
172 346
162 270
127 58
446 421
833 779
1069 617
45 27
215 648
5 15
713 375
701 922
1513 1003
1478 790
570 295
14 99
49 149
1837 1077
39 20
747 398
1334 1063
347 282
2033 1616
890 734
1935 1142
1961 1407
461 236
8 12
1880 1493
848 632
128 233
902 609
338 178
1025 730
1635 1213
44 73
1726 1322
15 50
784 670
463 563
1873 1343
45 97
146 68
7 40
598 691
408 214
1797 995
1 1
48 125
1394 994
1915 1015
1084 872
26 220
355 190
1249 665
59 100
1842 1302
187 297
1833 1096
1414 767
4 3
979 519
214 258
4 3
139 271
1561 999
331 186
949 516
473 654
846 445
2059 1643
589 763
2024 1499
642 485
2072 1437
8 44
1028 561
1216 920
98 265
1576 1089
805 449
107 151
52 162
480 296
88 176
1900 1078
922 919
1205 970
321 451
230 513
1538 1114
686 614
141 356
1407 798
169 359
213 102
731 378
166 304
1634 1212
465 515
1537 962
893 484
143 249
585 316
173 467
82 49
1057 767
545 541
582 553
55 268
10 43
2 4
70 172
2097 1302
110 118
541 282
1756 1140
806 430
273 151
6 28
730 407
806 554
674 362
303 164
1944 1035
70 196
872 516
137 294
791 693
1162 634
77 50
730 375
985 719
93 236
2197 1477
132 229
169 345
3 17
297 161
16 144
269 147
1356 1188
470 246
265 516
2183 1508
9 16
1736 1119
117 173
145 92
156 70
463 420
1012 537
1384 1029
115 157
1340 922
302 481
1272 732
488 263
36 123
624 319
1302 696
2069 1489
430 644
1470 788
2057 1512
1726 1018
394 629
698 376
1201 806
37 87
209 284
620 497
224 109
1023 925
74 178
861 465
740 784
880 669
53 119
1485 783
1417 1130
252 704
1792 969
78 163
11 31
1302 809
1138 606
1808 1051
213 427
1051 571
55 83
869 719
1980 1473
212 177
972 525
14 39
590 315
3 6
171 83
89 120
1114 863
551 307
1110 595
1789 1154
14 109
531 716
187 466
100 308
22 58
204 430
36 124
67 120
238 119
22 163
1534 831
14 18
1156 925
157 72
1809 1154
21 22
60 106
881 488
1995 1253
2083 1365
50 156
3 3
346 582
2214 1843
2135 1368
33 89
63 191
603 526
65 108
754 785
1539 1021
1292 1017
1758 917
42 54
1511 1218
1487 793
97 219
1882 1454
1477 1107
5 18
324 480
512 290
395 214
2191 1579
634 352
172 359
1447 1373
62 99
108 62
105 221
100 165
278 208
1546 823
495 446
585 318
171 347
1250 980
890 472
179 425
1591 1338
1385 914
2018 1343
928 545
1467 1326
1178 1206
1591 895
584 319
22 48
977 954
593 307
490 244
1976 1242
1207 764
262 128
1512 1531
1373 722
240 132
941 540
441 573
1848 1210
844 660
609 332
765 929
1664 887
196 109
1404 1178
1884 1302
772 401
5 28
413 225
1108 751
304 594
332 184
1489 979
194 389
535 489
1383 952
3 9
1939 1479
97 212
809 695
27 71
1082 934
450 242
1951 1029
176 364
72 183
618 339
1747 1066
1147 986
1312 1195
388 195
51 108
1058 873
1786 982
32 339
1001 846
1903 1182
253 140
11 21
291 623
17 98
310 179
960 739
212 372
523 291
1828 1090
1306 708
234 473
1500 1240
20 20
399 213
810 455
1255 1071
2012 1206
501 455
526 287
1839 1027
1660 878
1638 1239
241 539
30 47
916 533
559 460
788 413
48 112
451 586
26 39
178 329
548 336
241 138
1811 1214
888 466
158 254
2011 1540
195 392
1419 1086
567 306
50 73
1542 1181
184 336
81 264
154 345
51 185
208 495
1669 962
189 422
1233 975
27 83
32 41
1000 839
420 215
981 573
1110 1264
1408 742
1058 1089
23 156
162 84
525 429
2099 1336
357 200
1108 939
2006 1402
683 803
1391 923
71 151
993 690
1757 1257
52 152
942 811
55 96
593 660
1197 966
2170 1344
22 84
236 126
1976 1300
1113 601
404 326
1054 854
249 321
1601 1209
1660 1001
493 261
985 545
1417 746
429 445
479 268
80 242
10 26
313 514
1998 1307
420 645
923 849
475 441
831 1088
1562 826
701 373
541 269
1707 1154
1017 532
538 654
19 159
291 169
1056 600
859 761
199 406
1319 911
1448 766
37 39
1645 967
498 271
447 228
2119 1332
1721 1123
592 305
1375 730
11 21
548 597
649 685
631 456
90 54
13 62
181 291
37 62
117 57
303 503
28 40
892 735
775 923
270 139
56 177
17 176
37 136
64 224
599 710
848 801
1066 930
1866 1034
63 155
10 106
953 515
1402 1121
800 426
298 225
1408 764
2230 1576
406 196
860 643
1496 838
200 576
87 46
57 76
1374 1006
7 8
2017 1144
1624 919
74 125
254 148
1221 774
1815 1074
108 365
1351 769
84 258
31 100
214 111
375 568
1853 1128
320 174
349 479
233 428
1592 1175
478 609
44 27
400 407
95 184
1081 652
1435 920
605 325
1253 663
1052 781
172 91
200 442
1570 836
1286 688
1710 1453
116 187
793 770
1223 983
1494 1132
446 589
2246 1594
48 141
301 161
864 467
114 226
2 13
67 138
1939 1562
88 237
726 368
773 935
1010 762
1469 789
316 548
273 715
662 543
1882 1410
1065 791
1007 812
45 24
2077 1467
1517 1091
228 546
194 527
1049 567
201 448
654 663
818 436
1534 820
1692 886
1388 845
116 153
188 354
213 103
1923 1247
999 1075
1619 1060
219 122
1214 658
724 403
161 316
482 257
943 694
1134 613
1400 938
45 274
1581 912
361 367
1189 816
90 179
303 145
1651 1341
1390 776
2134 1533
1 1
216 441
1823 1533
347 527
79 172
61 165
519 642
260 480
561 347
1743 1134
725 419
526 608
812 437
1 0
10 56
691 378
1269 815
1459 1134
709 373
477 253
1913 1446
796 745
1516 1087
124 73
1275 1080
1023 877
1813 1262
108 155
2078 1503
700 911
769 477
20 118
43 139
1402 737
2178 1355
186 381
37 29
1347 720
655 796
1649 1070
59 107
459 245
270 205
1297 1039
173 202
566 310
306 156
191 388
10 14
857 598
85 172
1715 1036
1462 976
104 86
356 444
1793 1123
619 339
1791 1294
200 408
83 402
713 580
1347 732
156 260
680 798
197 97
1246 1062
80 38
216 509
1217 963
1149 1199
2062 1490
162 288
938 739
186 105
733 521
1794 966
57 100
62 149
129 80
1367 740
514 278
34 67
495 273
1875 994
1116 605
2 1
702 382
82 41
224 110
1753 1357
44 155
276 156
2 8
1131 603
1753 1291
454 244
658 465
2010 1260
1291 695
504 530
1312 704
643 361
1230 812
1618 914
808 430
1903 1008
1051 562
43 58
21 64
196 455
556 304
688 360
2131 1397
352 636
221 457
1781 1290
26 68
79 130
41 82
169 292
1529 981
80 33
560 473
1080 583
1552 883
283 159
2 7
216 320
1076 816
269 586
958 503
385 206
1069 791
1359 885
1140 803
1419 763
521 278
1150 811
1202 855
1946 1283
106 223
1510 1077
14 196
12 29
59 252
989 518
1194 634
132 185
600 565
1637 1099
1951 1405
8 12
437 230
1535 1197
920 1049
11 26
468 251
58 178
556 640
112 455
2175 1601
2072 1303
44 47
784 421
52 102
26 63
1601 846
1554 1033
743 436
1276 1228
46 117
226 127
1553 1276
2218 1500
57 128
125 53
12 146
191 442
461 462
59 171
858 714
295 142
116 368
495 284
12 26
1966 1379
980 535
1441 769
1645 875
1604 854
13 144
869 459
82 178
132 418
2105 1434
1345 777
893 698
509 410
183 334
1071 950
2091 1510
898 469
375 408
489 581
549 299
1760 1065
866 467
248 466
261 332
178 101
1310 739
208 104
1156 615
142 89
157 355
4 44
170 341
2110 1362
7 52
919 528
417 205
1784 1226
1494 1173
8 57
810 696
126 285
355 504
1408 808
1187 685
193 381
565 668
5 19
1459 886
989 895
270 188
734 375
529 519
1821 1334
1309 699
354 595
1304 896
895 492
318 420
1083 1121
163 73
1843 964
67 121
65 109
1965 1643
1287 817
990 867
91 84
79 96
26 26
661 770
1300 1093
266 136
27 68
16 142
175 101
533 282
1860 1316
1021 555
2071 1359
1235 713
1226 658
1075 567
287 554
735 382
899 619
1315 701
841 436
1294 1005
246 124
170 96
554 302
194 103
1306 1073
718 599
122 65
966 882
817 425
796 426
488 259
79 108
427 473
1832 1345
346 370
4 31
1887 1665
470 234
1372 743
852 503
1123 822
1006 535
595 507
695 363
1 2
1833 1189
563 965
1822 952
93 146
17 108
1108 715
1626 931
207 419
1577 830
116 267
162 140
1029 744
173 385
361 260
913 605
1423 762
466 267
1895 1006
746 403
601 327
1746 1301
460 241
488 373
638 620
21 125
87 46
1145 616
121 254
95 53
234 451
2085 1284
112 235
905 853
310 216
1478 858
2003 1380
2165 1400
358 184
419 225
1159 662
1169 956
49 23
182 99
819 566
822 444
2142 1339
42 94
261 146
130 584
851 501
96 206
410 412
763 403
1263 863
294 166
793 417
95 146
2009 1357
1878 1378
2017 1409
217 518
470 425
58 85
398 441
1871 1354
62 208
386 772
54 149
707 467
248 136
1932 1365
951 585
82 117
9 43
1036 553
783 415
812 451
2008 1068
161 281
1059 570
607 331
1098 591
627 697
307 308
1102 627
1888 1443
993 532
39 157
111 250
111 172
412 222
114 158
348 771
792 409
334 177
596 509
1592 1100
997 1177
1613 1190
28 164
640 434
628 336
359 288
182 335
241 140
513 284
17 57
903 477
851 521
1747 1263
78 244
438 264
1016 531
246 526
1275 683
1590 1128
2 17
1331 1042
44 65
603 512
1888 1215
1661 957
1409 756
55 184
432 308
1991 1427
335 382
1360 910
372 211
1496 1008
92 254
10 81
1260 860
2115 1471
1433 1307
248 689
1117 608
1840 1326
1441 815
1767 1055
2039 1217
935 1050
347 177
78 133
31 46
849 1142
60 152
2 12
363 522
12 35
1031 569
1654 1150
23 56
1043 553
760 484
589 323
57 106
512 679
607 808
6 23
930 507
1672 1449
248 134
262 126
71 145
369 200
1012 632
35 202
22 49
48 54
163 325
58 130
24 303
187 110
763 642
2057 1606
113 453
536 405
175 351
1791 1123
297 171
1885 1213
111 212
1146 851
556 302
145 316
1546 933
1609 1008
2090 1558
382 556
1916 1445
1387 738
1290 1092
4 8
864 468
1407 760
115 268
27 61
1595 1298
2045 1400
1275 683
160 73
1862 1317
5 5
1010 1047
831 772
1267 669
117 258
124 536
407 709
86 175
115 60
1067 967
1133 1009
1418 1053
1982 1352
84 108
118 346
35 86
10 63
673 345
1684 910
780 501
170 87
1088 931
1365 1047
1462 1111
249 129
1176 1041
841 853
308 574
214 105
819 812
111 238
1550 838
1297 1277
1055 562
1795 1325
1825 1351
1728 991
807 647
347 197
596 536
688 372
1200 1046
830 461
268 122
1907 1189
204 418
2018 1253
833 837
1734 1318
2157 1734
132 227
289 489
193 116
1690 899
887 483
772 823
900 865
1 1
423 566
650 872
191 371
102 187
1887 1425
107 203
1580 857
1016 553
1202 931
629 697
659 728
1327 1115
1443 894
2220 1506
42 59
116 54
112 59
1225 650
1258 871
388 199
784 422
360 560
618 333
286 355
1056 552
599 331
163 272
289 404
156 300
16 78
281 134
1003 527
1996 1481
404 486
1110 932
774 430
1409 745
54 23
1396 750
624 514
1499 1148
273 146
874 463
1249 1152
28 208
1423 874
437 240
1444 774
1245 1018
1554 1177
1460 993
124 208
1417 1027
560 525
678 369
1714 1308
1353 732
20 54
126 258
54 79
367 197
4 1
4 18
403 587
588 570
102 91
45 112
90 184
1514 1080
197 661
2176 1555
1366 1048
114 183
1003 735
57 253
501 539
210 102
1366 1129
137 278
903 663
690 377
1568 1067
40 113
1236 785
1085 972
11 17
1558 1093
10 38
1066 576
47 146
887 808
167 323
104 94
1587 1190
1700 1349
1195 983
396 212
1102 586
1745 1058
1592 908
82 36
1533 1019
268 519
1447 790
894 1004
106 59
1187 807
75 224
207 105
180 400
109 205
1174 922
1279 1031
1941 1189
900 875
1147 1116
739 420
223 465
629 560
979 854
104 52
122 295
548 288
1033 960
629 337
478 569
7 15
10 13
1715 1245
90 41
19 42
2098 1314
70 44
191 345
10 86
1062 700
1203 848
444 491
458 475
2030 1338
160 331
41 108
781 682
332 230
447 602
611 340
387 213
738 381
214 461
265 147
104 58
1496 1055
1819 1165
24 35
338 177
175 350
820 763
1456 792
557 699
819 438
120 185
151 80
44 47
1571 847
1942 1352
632 338
1538 1018
223 130
200 106
1647 1136
107 230
1246 1206
1760 987
55 151
436 237
27 67
1972 1161
77 36
582 636
1591 846
764 893
1528 1075
71 184
966 569
2175 1529
113 294
187 324
618 332
1411 761
1490 795
2087 1244
1288 1145
951 875
1101 836
1149 960
995 1089
880 858
87 52
37 29
202 403
1396 740
643 359
344 377
1407 1116
475 262
2082 1297
152 296
77 135
6 63
1665 1093
332 157
1132 819
88 463
41 59
594 325
564 513
168 323
195 414
1859 1194
1102 900
187 421
103 148
199 428
2223 1533
103 235
136 85
12 8
637 346
8 85
1853 985
883 898
1013 531
223 447
407 395
568 318
585 842
55 193
173 498
1867 1027
236 459
1927 1209
694 924
51 108
550 453
153 303
2089 1500
979 770
1246 680
1337 717
457 666
15 60
817 699
1469 966
2008 1611
60 30
58 160
1816 1118
1902 1006
62 194
759 761
1468 785
1523 1183
4 6
1742 1534
15 83
342 179
1464 1052
1402 743
1162 1070
1490 1157
1711 953
1942 1427
1713 1034
2110 1327
646 579
1383 1302
672 375
112 172
163 230
1891 1362
810 607
1501 864
253 142
429 339
109 199
65 154
146 311
21 69
169 345
467 422
1202 659
1199 1056
870 718
963 742
618 330
1852 1328
2158 1542
364 204
1025 944
1161 776
1487 930
72 128
1596 862
1118 888
1082 717
567 496
1111 580
300 159
1590 998
56 181
391 210
16 12
1979 1476
697 364
957 497
1967 1460
213 129
7 69
85 40
788 545
2017 1648
185 154
180 373
722 792
1284 1020
83 48
121 238
2069 1328
752 520
1168 619
957 630
381 204
1073 573
14 7
1428 1153
1201 760
83 144
382 213
99 58
1367 759
158 316
92 184
360 192
1851 1200
639 344
38 130
1778 1088
2146 1480
80 179
1735 1093
1581 839
1046 563
1900 1317
983 916
111 222
1564 1212
1535 924
770 503
668 677
236 177
1417 1391
720 634
1613 1136
1048 600
1830 1361
491 279
1440 1174
2064 1493
437 227
753 393
1364 710
1444 1119
889 463
166 316
1975 1156
651 1015
287 161
457 220
430 338
201 113
171 378
189 508
618 648
1146 629
721 382
151 98
308 612
160 84
1 1
92 123
29 108
1121 592
105 286
1068 634
978 637
1825 1325
30 91
2107 1498
614 319
108 43
472 348
855 821
83 171
679 696
2084 1752
886 496
125 252
292 158
71 141
221 534
2006 1465
1253 669
1255 674
1432 1083
1694 1121
316 151
338 510
1271 674
166 153
135 81
446 411
99 115
1064 585
45 150
236 320
29 38
24 106
212 599
1035 683
613 715
595 321
1631 1195
2026 1425
181 439
1450 1193
158 257
6 6
57 88
786 811
1457 1100
1349 846
448 241
417 238
949 704
1166 938
186 402
653 589
1529 1157
2 5
800 744
2 3
1408 760
376 394
743 441
10 44
73 194
317 519
1415 949
485 261
39 91
131 249
1569 1160
671 688
165 522
1581 966
614 311
219 107
705 370
2025 1391
324 171
22 106
1584 1094
21 158
102 284
1045 635
925 734
719 730
841 755
603 307
1640 1074
15 7
1558 1020
63 137
2140 1388
1087 1009
95 50
1949 1605
175 354
49 41
1967 1427
1258 725
641 771
731 401
1406 1168
826 853
1587 1175
1855 978
1713 1295
1444 889
7 52
450 437
654 492
189 104
81 178
194 368
448 243
52 122
1710 911
1030 733
2031 1261
34 252
15 39
2083 1299
2211 1517
52 95
1661 1002
1975 1048
42 130
1007 556
960 519
533 629
1128 799
997 542
357 173
315 146
1317 1065
151 295
73 33
694 361
1515 1221
201 461
974 800
1888 991
497 499
800 757
155 91
489 529
1025 868
74 39
1311 701
784 806
870 648
1073 916
1990 1168
1497 1143
2058 1206
500 270
212 448
120 238
1502 1181
338 165
16 112
1649 1245
183 296
2158 1708
2 1
2102 1453
378 203
215 477
623 345
1803 1596
2156 1689
484 272
1484 939
246 131
1594 1078
1076 563
44 130
1521 1082
1245 877
32 278
1881 1238
141 263
844 463
348 468
811 453
212 417
54 196
1814 1361
74 227
826 458
147 79
63 81
1297 1129
66 231
1648 985
993 860
1343 938
200 442
165 282
110 209
926 854
53 25
10 29
1069 899
145 260
249 365
1009 817
119 204
783 751
1674 1110
489 446
131 112
923 812
1671 1550
1287 1060
374 198
464 230
1832 1342
414 559
639 346
1538 1201
519 716
952 748
855 530
1312 743
183 96
44 20
35 80
25 31
1940 1117
1405 798
1427 993
2148 1436
1264 683
1055 857
1872 1026
172 309
115 69
775 619
1595 895
14 76
1269 1084
100 150
84 176
2097 1548
60 184
1694 1261
1858 1149
847 559
64 42
1541 1068
12 52
566 285
998 567
989 663
904 615
268 145
641 356
579 316
34 22
485 602
4 13
1944 1386
1383 958
1690 1157
1558 1036
534 268
320 211
1952 1039
417 655
782 415
2036 1267
194 601
129 205
3 19
154 160
448 243
1749 1279
2142 1364
95 237
45 114
554 305
1843 1361
953 520
1709 900
1969 1243
1969 1043
59 104
1300 1020
305 172
588 727
1041 900
532 377
81 368
262 142
27 61
496 267
154 146
113 58
799 620
204 122
711 619
21 23
43 77
1268 864
619 331
288 145
92 149
248 337
197 541
1255 773
1313 709
1647 1265
467 382
1143 616
755 743
958 524
1071 674
62 69
117 233
1073 584
1008 867
1769 1492
743 398
2055 1199
1801 958
8 77
2 6
149 257
1114 927
22 31
1772 1393
1592 1029
1151 654
465 362
17 121
26 91
1779 936
11 47
576 317
80 253
157 210
22 60
26 112
99 237
810 801
104 222
2096 1508
1794 941
623 742
1942 1113
439 216
163 329
98 250
44 117
264 137
2119 1455
8 12
1505 1181
1508 1076
68 211
689 436
13 27
23 18
1536 912
90 180
1484 783
52 83
988 520
1842 1228
1692 889
347 478
12 172
1436 952
218 471
1546 883
179 389
98 204
1432 1009
804 469
1281 1020
665 767
175 79
2037 1269
43 133
1439 1312
950 498
31 25
2104 1550
717 392
622 452
1860 1330
690 357
1788 1350
1621 1219
78 204
88 214
8 24
1038 881
70 43
655 593
12 7
1528 1488
89 187
367 481
365 179
1631 1111
287 475
224 118
516 447
863 505
1189 674
309 398
1452 780
1101 1148
288 159
1366 753
461 283
1892 1379
81 254
1359 977
769 821
132 73
81 412
1803 1168
1892 1301
1779 1390
1572 1086
1559 1091
39 23
1477 858
516 275
1330 1047
35 139
52 155
1884 1150
1828 1116
407 761
1884 1005
530 273
1370 1275
1000 855
1933 1379
1297 729
319 507
69 116
899 502
1523 810
935 882
974 706
14 25
945 549
82 256
231 124
1559 941
411 556
145 268
176 326
4 24
1382 793
1832 1293
1799 1169
419 424
180 290
1399 1070
1206 841
751 393
99 136
453 236
717 398
1446 777
153 285
26 97
1071 865
639 333
914 806
55 195
36 126
737 388
2097 1303
56 173
114 271
1065 772
17 151
19 29
1381 735
170 137
680 410
918 498
1011 547
324 371
276 232
828 680
336 178
664 584
2028 1350
41 58
162 286
1662 1015
897 514
559 342
537 280
862 475
2144 1434
1797 1146
39 21
37 49
1057 621
576 736
187 408
8 16
1827 1327
1372 718
47 85
323 181
84 53
1413 883
185 83
173 381
78 184
724 473
64 97
787 439
542 422
2 1
1872 1200
83 200
1505 799
1463 1157
312 440
94 141
140 323
494 400
515 257
1290 1061
722 513
1428 779
747 592
86 37
580 318
8 61
40 76
173 364
1645 1369
311 406
1116 792
27 38
155 264
1659 941
1643 936
93 53
226 222
547 525
1919 1294
1728 975
368 203
581 310
94 198
131 271
185 392
20 22
710 549
229 127
51 129
1740 966
140 395
166 86
336 367
1568 881
8 56
1235 812
788 512
83 154
183 290
977 644
1 1
914 686
267 337
255 143
15 95
2035 1346
241 113
866 556
1013 864
65 174
1262 666
1155 612
647 351
62 34
1015 811
975 843
111 259
47 88
1155 958
1008 596
1651 1205
355 203
45 136
1301 912
457 245
50 167
1778 1104
1439 863
1221 841
60 39
1728 904
1928 1374
1688 915
329 521
2072 1461
1748 1294
1885 993
969 917
1444 1019
853 442
1569 1218
365 380
2124 1675
60 102
1862 1116
1067 581
878 463
1054 964
27 219
1127 962
75 43
1151 890
368 199
496 262
445 232
117 230
1942 1212
1010 882
2068 1585
632 629
623 333
1057 560
1349 995
49 23
27 33
1012 971
1012 542
28 32
14 34
2011 1163
189 338
206 122
569 745
224 335
1216 842
663 404
1806 975
229 502
162 385
1259 1067
575 501
307 165
1810 1077
14 9
76 114
47 28
2171 1485
814 772
554 297
1166 1051
58 284
666 342
109 205
1188 974
317 579
119 148
317 151
607 604
51 164
756 409
431 460
59 101
1518 1364
1 1
1453 1117
980 573
403 708
1907 1206
56 189
350 551
800 426
693 492
1634 1178
103 60
773 522
28 70
1459 1434
46 206
71 155
417 222
17 36
709 392
101 46
5 17
612 314
325 392
1474 939
1072 791
338 471
1316 1195
445 444
1631 1272
192 355
265 148
211 400
309 176
288 490
600 325
1066 587
829 588
6 50
19 62
1457 791
412 219
1581 1165
79 299
447 221
477 261
382 208
407 363
833 624
2020 1423
72 124
1035 916
300 157
1159 953
139 226
582 320
2124 1374
56 22
110 232
1419 765
1207 756
310 272
1011 551
361 179
147 278
38 92
1440 774
603 545
1209 640
144 463
1119 616
1000 647
270 637
1020 709
600 326
799 424
1004 884
128 204
1369 725
2175 1564
597 528
660 439
467 416
579 466
159 307
294 228
62 166
32 73
15 71
1022 819
60 102
118 56
388 207
1117 715
124 467
182 333
846 758
960 714
171 341
1298 708
1491 797
1469 986
786 640
612 320
524 395
113 283
1118 995
531 515
1020 947
1625 1293
1548 824
31 81
1123 684
211 470
54 166
1845 1118
1887 1351
1717 1060
1107 580
1444 1110
68 35
2067 1285
1065 565
108 351
1941 1559
121 193
1235 669
657 516
1783 1353
2 4
190 406
183 384
1220 968
537 841
358 204
1709 1297
427 445
1557 1174
187 114
1712 1244
171 316
910 670
1514 1358
524 265
1387 747
1488 1213
1763 1216
541 665
1590 839
603 644
1557 822
631 628
881 479
1993 1307
1809 985
175 369
177 197
92 38
1455 1303
1310 700
995 721
1340 1065
77 357
16 96
4 18
899 496
1211 978
1763 1252
37 89
2212 1490
257 218
1152 624
1310 1037
25 183
660 362
208 420
190 345
480 799
94 226
47 55
1562 1155
3 19
1426 750
1302 689
958 539
309 406
747 394
548 276
1488 797
923 529
945 511
733 698
47 102
781 737
869 743
1819 1133
1345 1163
1249 995
397 221
1925 1384
3 6
663 886
1615 1111
456 686
1576 1207
535 622
380 203
139 60
716 383
1669 874
1101 925
806 760
1914 1263
30 16
1689 923
1901 1428
561 303
9 39
2055 1288
25 146
1510 1159
167 310
1267 881
606 531
1322 918
87 196
1916 1246
256 139
161 191
192 388
979 1047
498 271
365 195
1218 909
83 184
937 506
1816 1212
2136 1592
1699 1432
780 483
700 504
1364 954
16 171
538 296
33 20
203 588
1935 1159
910 602
1225 849
36 31
1645 1237
185 374
1985 1388
1134 1003
1518 855
13 8
55 175
791 425
157 261
77 237
1614 985
268 464
770 413
1450 1145
175 676
71 48
1005 533
2027 1311
1382 939
223 113
117 73
1671 1231
244 146
113 266
72 133
38 78
869 480
1090 576
674 374
1703 1244
1977 1389
29 129
982 659
992 533
1744 1052
219 123
14 106
517 625
2128 1321
1842 1191
693 511
1749 1483
54 165
1545 1143
250 134
112 248
1207 857
26 254
193 360
768 404
732 400
647 386
1269 928
1991 1327
236 128
1675 1148
1867 1582
98 130
978 513
1164 1031
473 256
1309 1054
47 99
270 142
1000 520
81 307
274 560
1701 1096
1726 1245
471 252
1895 1341
293 401
382 195
1318 979
192 388
971 514
2005 1412
1329 708
9 5
1097 599
212 106
1819 1390
1249 663
191 105
1459 1117
905 675
1519 1160
452 240
2020 1447
595 322
13 143
880 486
462 229
681 610
698 349
168 102
291 160
16 34
599 330
915 703
793 623
920 505
195 431
1149 626
125 211
177 382
83 57
544 302
1189 632
1719 1320
653 598
22 63
999 539
283 143
127 215
922 506
1121 1065
2102 1253
65 182
260 131
1688 1106
1398 875
1183 825
1530 1197
191 309
327 522
544 772
1273 690
883 457
685 373
92 56
161 395
185 409
1009 548
122 186
1849 1129
159 332
770 409
619 332
1794 1354
329 581
333 189
1639 1285
972 954
1715 1171
943 548
1739 973
851 660
1039 1000
1089 945
377 553
708 386
116 169
1419 1059
870 447
1165 627
73 35
1132 613
54 74
1033 744
88 39
447 246
707 790
1670 1286
94 223
1877 1275
4 13
1663 1290
1222 920
1513 935
12 18
73 224
10 19
6 7
114 279
1641 1280
1160 1056
604 723
34 73
169 101
1195 887
1378 1074
151 208
1409 1034
48 125
115 285
1689 1255
367 597
39 62
500 278
2106 1525
639 522
106 207
828 641
1647 1177
1774 1011
566 788
1443 1111
145 77
1288 1131
807 623
82 262
1794 1278
2077 1431
408 416
2202 1587
1328 717
1622 861
1356 777
1952 1289
1513 812
305 168
800 868
1546 877
58 37
138 79
943 891
1759 1236
95 184
1073 586
23 34
255 125
1276 821
1235 912
1073 608
739 577
248 341
199 410
1951 1263
721 384
2129 1381
2169 1492
1488 797
992 903
1886 1573
554 455
2230 1694
811 599
74 224
215 101
937 775
1312 992
1036 565
1118 793
42 34
1307 699
1972 1381
31 42
1602 848
372 288
56 165
1378 972
666 622
20 25
340 186
2037 1313
984 532
1873 1381
84 190
190 627
97 156
632 755
1265 881
844 448
118 220
99 180
944 692
915 806
1211 1222
119 67
1167 975
492 285
434 579
969 562
951 518
880 858
1825 1483
116 204
1186 971
172 312
126 312
1016 802
34 71
1585 833
175 334
124 174
120 239
182 369
110 199
2048 1140
1533 1228
214 582
1747 933
1008 552
1138 610
242 480
1934 1301
1245 670
918 501
501 263
1793 944
824 569
404 678
1540 1053
107 172
863 446
103 44
899 811
162 291
166 394
276 503
2080 1499
107 136
457 392
1762 1274
110 45
1054 970
30 84
2 13
1289 829
47 129
699 644
97 200
293 457
418 224
812 791
1379 745
426 596
440 240
912 498
195 213
1578 833
48 38
1366 1073
1529 1028
1986 1245
454 241
770 412
998 527
552 305
852 467
678 371
1427 1308
1099 599
2101 1359
803 667
185 103
96 58
71 102
68 27
556 283
1107 946
496 268
6 4
1 0
2013 1266
1207 1034
1938 1243
46 21
796 434
1760 1278
114 175
480 263
898 674
1774 1407
198 432
683 763
595 433
1381 733
1841 1234
1335 719
1881 1262
31 173
1070 1145
1714 1231
145 78
1449 819
1781 1295
1088 569
622 730
1666 878
736 598
540 297
1232 806
1650 1272
1241 731
1004 870
84 44
1985 1389
653 356
95 191
836 745
354 191
76 43
306 167
132 237
2031 1432
661 687
431 578
26 130
912 1015
1073 762
1990 1254
781 755
733 399
508 275
171 367
1913 1401
257 784
971 519
945 679
1651 874
965 802
192 347
1122 753
1341 935
1645 998
2043 1260
1692 892
18 48
161 72
905 804
1328 722
435 335
129 273
9 71
871 481
212 413
413 226
409 222
1493 1145
273 137
54 24
110 286
1082 973
494 479
2116 1439
619 317
98 258
1057 698
799 423
791 442
1398 1086
1678 1276
177 390
2085 1437
2052 1352
204 393
2159 1342
1 1
23 174
177 341
492 669
16 116
1269 866
778 586
2064 1628
111 352
196 93
1601 846
1043 611
82 162
1893 1261
295 161
70 97
1214 645
120 181
2004 1417
924 660
189 445
52 204
236 129
2017 1304
465 363
97 142
786 418
680 564
325 670
1144 623
72 242
2170 1350
3 38
718 931
1963 1354
760 507
2053 1242
674 556
107 218
2 10
23 15
74 34
517 605
659 362
1310 932
306 152
1123 597
1091 592
125 77
1766 1065
106 214
217 525
653 361
187 93
1398 734
241 313
66 331
80 174
8 99
898 468
763 404
735 475
1607 1199
22 32
190 399
1 1
1077 625
626 341
1930 1245
198 118
850 458
2001 1381
1104 599
199 114
184 78
1586 1053
87 44
490 241
1070 765
2168 1392
236 435
308 169
102 136
367 762
1982 1650
79 47
416 481
796 733
647 714
597 331
451 233
1831 1336
853 475
867 462
4 28
1863 1346
155 331
27 47
54 150
395 212
23 74
171 348
231 481
1795 1153
1926 1523
530 262
1443 1070
749 479
449 337
71 162
1900 1339
1214 665
18 35
540 271
1282 941
1575 836
2174 1528
1586 1184
198 696
717 597
909 480
445 523
1937 1184
546 552
1678 1553
918 868
708 934
31 166
522 564
1335 709
11 7
535 269
1094 918
250 371
216 486
1861 1242
888 484
109 414
1133 613
4 2
1002 537
876 1007
564 282
5 5
216 483
976 503
1980 1423
229 311
733 396
179 435
1131 915
816 452
23 33
1994 1091
883 686
1621 1223
210 100
1893 1122
1123 992
520 593
1320 1038
136 76
418 631
1588 1065
266 189
2 11
1525 815
1992 1458
1810 949
881 975
15 92
1147 947
2161 1423
484 292
61 116
188 348
750 401
116 64
1480 855
70 45
203 416
1946 1143
578 504
1212 1124
517 629
82 162
108 160
1614 1070
1801 1289
121 179
118 73
1016 609
236 170
462 696
955 510
285 378
285 162
181 390
1032 1046
2064 1325
162 86
136 75
822 776
629 677
1292 689
1076 577
1646 1282
2004 1269
707 589
156 267
656 338
2067 1430
48 116
923 677
103 345
1021 559
74 117
1344 771
1547 881
1343 920
1609 1100
2005 1258
524 412
970 1220
471 269
1477 986
180 312
1627 991
508 533
120 219
928 496
4 14
79 231
438 216
137 427
579 430
123 336
2202 1586
496 298
1357 1065
2193 1430
224 108
1448 1210
1978 1391
86 154
312 336
23 63
459 230
1306 901
1819 1398
108 51
280 589
1980 1051
834 441
5 9
78 50
1074 572
168 430
204 112
1903 1260
1184 1165
1848 1418
347 605
322 358
275 147
1531 1060
1036 540
1994 1467
935 848
1692 1370
417 239
149 85
184 381
218 332
1980 1104
201 560
1838 1211
787 757
916 851
2052 1575
1257 724
680 365
1952 1288
2082 1471
173 522
133 246
1380 1156
687 781
1487 1142
752 410
659 364
368 209
1275 670
443 423
1499 987
1286 728
1317 705
1982 1086
121 281
1031 903
882 901
326 515
1071 914
15 195
246 141
922 508
1463 876
1062 765
110 214
170 138
828 444
344 181
79 339
1120 709
687 712
665 470
922 502
1172 1009
488 764
1020 860
1245 1078
196 393
129 208
782 859
1676 1242
732 417
963 498
1653 1015
2157 1431
600 325
1955 1444
63 142
772 920
2018 1404
157 258
562 291
444 235
1682 1087
1310 1031
34 126
327 155
834 778
1141 619
86 143
815 434
1341 1096
1000 526
1953 1116
6 6
2195 1523
1927 1265
26 40
35 84
1101 619
56 208
548 488
2242 1720
9 35
138 223
805 423
2062 1499
749 417
563 850
310 566
45 174
1755 1189
118 245
1653 1145
1755 1082
1158 624
206 107
387 203
69 245
1921 1047
235 381
47 82
454 393
1680 1297
1914 1165
131 75
168 331
505 278
29 35
37 129
1709 1121
1668 882
1407 1117
188 112
1476 1104
2160 1738
741 392
12 140
883 644
237 441
1370 744
770 396
757 751
1304 1109
222 168
934 757
107 204
940 871
68 32
790 863
755 723
1820 1060
1679 1271
367 394
503 284
568 313
300 151
603 328
373 414
344 165
2080 1287
1109 827
374 404
67 35
1277 683
114 151
2165 1457
137 194
1704 1067
730 397
221 128
717 525
116 291
2038 1431
1214 644
1068 876
41 193
981 923
1422 965
76 191
69 154
194 391
572 295
139 330
916 868
54 50
862 477
1368 734
1745 1205
845 478
450 258
26 42
179 383
59 27
442 724
1132 781
43 26
192 407
1224 657
346 550
177 418
77 143
750 671
34 22
999 1077
1139 899
1191 976
27 183
129 274
129 328
261 472
309 421
787 422
757 419
69 187
223 430
601 480
1178 633
716 398
118 224
276 485
924 1044
1157 625
34 102
1391 953
920 488
1985 1135
1272 927
2040 1300
1183 1003
587 627
203 467
107 224
852 462
682 547
1425 1007
33 116
978 559
166 355
1646 880
5 11
315 444
895 463
1143 809
235 115
9 22
614 574
985 581
1454 938
164 343
894 509
201 437
221 109
607 372
1830 1004
120 254
1139 604
1085 621
2143 1513
1313 704
27 15
28 84
710 388
525 677
1886 1091
110 240
1098 631
1399 761
70 101
21 291
158 137
195 433
2 6
1194 650
1080 899
83 297
258 135
1291 780
88 54
1893 1066
218 430
1680 1399
51 139
1145 624
1233 998
47 17
1673 1240
448 940
295 169
903 485
479 263
167 350
644 389
110 274
11 161
37 107
338 191
16 153
164 297
1462 1131
148 261
1271 669
500 276
1027 557
996 576
14 65
826 833
174 334
462 243
1618 1228
570 305
1344 811
1314 900
75 39
2088 1467
6 54
1142 846
695 378
258 262
1056 569
929 485
71 237
413 234
13 4
245 131
55 211
34 119
58 25
1588 942
785 751
470 690
3 19
948 729
655 362
364 608
7 100
41 120
1095 578
513 259
947 491
194 108
1905 1426
22 59
753 693
149 67
1669 924
1794 1128
7 12
1885 1350
502 458
688 710
56 309
2020 1406
2091 1534
518 476
194 470
1061 792
332 526
1272 694
1175 974
58 215
184 358
447 242
143 239
206 117
38 272
123 232
913 485
753 747
177 340
1614 1197
169 386
468 254
26 44
59 222
1278 944
6 43
2011 1262
121 70
141 272
1573 1043
46 117
576 548
82 59
1182 641
87 106
558 307
194 378
987 527
2057 1290
939 711
944 511
442 382
1690 915
1784 1499
1360 1143
120 260
1745 1134
564 667
75 46
977 914
389 437
972 564
1951 1396
217 797
992 533
79 44
1923 1221
1356 759
31 51
147 249
16 173
75 440
244 616
199 112
23 9
1460 779
12 142
112 245
61 182
246 131
1579 1077
144 279
1022 787
71 197
568 352
1572 1170
45 99
7 32
1752 1323
61 97
164 323
505 273
1217 1256
723 404
2113 1301
114 282
491 313
1239 714
59 145
647 348
1943 1366
1970 1385
1965 1153
586 324
1065 562
805 577
865 861
1528 870
1455 1090
1121 855
1453 776
112 168
1098 619
631 671
1676 1219
126 196
529 287
1365 872
45 19
1919 1405
318 356
58 189
1353 1130
738 395
504 313
14 8
1613 987
369 198
914 723
7 32
631 334
119 68
1884 1449
145 313
1647 923
3 9
614 319
837 450
10 10
950 755
9 70
55 125
186 395
1119 1005
1952 1054
758 511
1434 840
121 52
20 97
1815 1066
1002 544
24 42
494 459
893 517
13 45
248 452
2215 1579
123 425
661 358
117 66
184 384
1748 1039
437 227
1594 916
662 515
56 208
780 563
1758 1065
64 146
394 197
1665 953
396 583
449 224
48 133
203 154
862 634
1550 1028
1515 1020
1460 975
858 786
11 78
794 773
1 2
145 350
2 8
527 322
1698 894
226 110
717 373
1850 972
1188 824
698 739
431 224
1844 966
168 307
1578 1216
218 442
820 449
39 81
261 159
166 305
192 431
66 101
1513 807
1756 1352
1776 978
416 217
4 22
1733 1224
1078 730
1891 1388
316 225
1384 733
52 28
121 268
713 481
325 589
1613 1217
36 54
6 28
25 11
1601 1112
1096 840
1033 885
52 86
184 423
840 791
1509 972
486 588
1303 695
1090 778
628 729
1588 1093
43 152
1844 1189
263 236
1261 986
482 243
1148 985
179 333
980 701
1101 595
22 54
850 814
49 69
828 751
1353 950
936 506
87 175
683 433
1344 723
2156 1475
32 78
4 26
1388 1056
1048 740
69 364
1357 872
1220 653
816 831
1513 1051
1005 858
385 203
116 312
950 524
334 426
697 877
645 326
939 512
1521 1274
811 926
1195 805
275 564
1890 1498
1093 594
827 444
627 397
578 298
1658 869
195 203
1471 1357
92 158
872 782
847 622
1705 1051
624 475
171 334
2197 1495
1178 818
1891 997
1706 1036
256 530
224 476
622 339
41 129
735 837
357 179
1377 934
1386 790
2104 1442
1765 1161
2028 1136
231 184
1303 700
7 42
73 446
1847 1326
135 205
887 1189
1797 944
751 408
32 74
1067 779
1203 692
592 319
1014 539
122 175
937 522
1262 686
1701 1117
1503 910
1488 1053
1513 927
185 338
951 678
1298 892
654 377
1495 1070
841 430
451 453
96 65
692 376
20 70
646 327
1486 1015
1954 1490
861 716
679 559
734 385
492 271
1519 808
83 172
1211 647
73 326
1683 1223
562 303
873 786
698 393
708 816
61 189
29 83
1973 1612
1824 1196
1267 990
1213 978
374 206
14 30
446 500
473 499
24 16
1854 1172
1786 1012
1026 539
434 234
1951 1027
84 42
988 916
73 240
278 145
190 349
741 404
636 717
136 206
77 47
1830 1327
146 261
2084 1522
1158 964
568 505
1402 894
481 257
1120 648
1737 1299
10 27
86 303
1073 963
1137 902
1986 1423
1707 1224
1758 1172
39 223
563 593
1315 903
51 145
120 221
495 297
891 729
711 396
769 750
346 178
171 89
116 318
531 676
1563 1237
449 243
2107 1356
46 103
156 140
1668 887
595 650
979 529
1076 920
106 153
279 142
1437 769
856 504
1846 965
1841 1065
6 48
1535 1137
1331 1048
932 501
631 735
110 152
1363 1287
1353 760
116 180
210 114
47 31
1176 669
1320 935
388 562
503 332
207 469
325 364
78 121
1052 1005
1503 792
1 0
1072 574
455 243
1205 978
157 306
345 363
136 268
2 10
1153 622
1438 976
1826 1178
5 18
585 302
561 310
186 92
1516 869
15 80
124 208
228 530
652 346
686 354
220 451
70 177
179 350
2 22
1236 872
636 329
1938 1430
187 330
6 26
1041 830
202 526
171 88
2128 1602
277 149
18 113
10 102
575 427
2056 1249
18 250
636 487
2124 1378
405 252
54 379
175 362
1630 992
250 131
2160 1543
6 54
868 786
90 188
119 60
868 482
502 302
457 599
152 249
176 442
1373 931
243 395
156 275
687 382
632 545
58 147
87 41
1660 1103
1795 1302
690 498
120 151
1826 1180
1195 636
1087 741
520 464
8 54
1426 1103
145 234
135 396
1215 840
850 932
1020 915
157 167
1089 580
1317 1033
227 472
872 482
93 89
615 316
733 474
52 186
370 919
1478 1052
177 93
1992 1055
1443 1045
1915 1007
1738 1181
11 99
51 33
233 387
3 22
1018 580
1532 1133
1587 997
2095 1317
782 831
1412 1005
575 461
605 309
359 517
295 568
602 849
1273 1084
1635 1203
484 267
1003 940
757 696
394 217
1681 1290
1819 1295
300 166
270 133
166 72
327 182
976 725
73 125
475 372
232 104
74 215
237 136
585 322
1281 686
1965 1078
339 179
390 322
898 482
1406 1103
235 176
1948 1360
125 190
661 705
137 261
286 405
1552 956
207 653
37 54
161 299
237 643
1184 628
199 574
686 922
1620 1142
92 186
321 163
7 62
1116 593
1500 1122
344 282
112 221
817 461
629 320
687 407
175 336
28 82
2191 1667
258 132
83 171
7 71
2020 1419
117 551
560 301
805 1103
555 376
1481 897
1709 1103
533 656
1799 1165
268 395
198 300
824 433
66 74
4 19
2049 1369
1855 1217
5 4
962 681
336 381
111 259
702 769
126 60
1099 594
2162 1493
485 272
793 658
1576 840
640 604
21 76
110 204
1032 754
1697 946
418 229
191 374
44 124
