Play: 1
1 tried to use F
1 tried to use F
1 tried to use F
1 tried to use F
Play: 2
2 used N
2's N tried to reach 3
2 succeeded
3 no K to use
3's health was 3
2's N tried to reach 1
2 succeeded
1 no K to use
1's health was 3
2's showType turned into 2
2 used N
2's N tried to reach 3
2 succeeded
3 no K to use
3's health was 2
2's N tried to reach 1
2 succeeded
1 no K to use
1's health was 2
2's showType turned into 2
2 used N
2's N tried to reach 3
2 succeeded
3 no K to use
3's health was 1
2's N tried to reach 1
2 succeeded
1 no K to use
1's health was 1
2's showType turned into 2
Play: 3
Play: 1
1 tried to use F
1 used that
1 shown enemy to 2
1 tried to use F
1 used that
1 shown enemy to 2
1 tried to use F
1 used that
1 shown enemy to 2
1 tried to use F
1 used that
1 shown enemy to 2
Play: 3
3 tried to use K
3 used that
3 shown enemy to 1
