query: 1, 2: 1 0 1
start: 1 1 len = 1
query: 2, 3: 0 0 0
query: 3, 4: 1 0 1
start: 3 3 len = 1
query: 4, 5: 0 0 0
query: 5, 6: 0 0 0
query: 6, 7: 1 0 1
start: 6 6 len = 1
query: 7, 8: 0 0 0
query: 8, 9: 0 0 0
query: 9, 10: 0 0 0
query: 10, 11: 0 0 0
query: 11, 12: 1 0 1
start: 11 11 len = 1
query: 12, 13: 0 0 0
query: 13, 14: 0 0 0
query: 14, 15: 0 0 0
query: 2, 4: 0 0 0
query: 4, 6: 1 0 0
query: 6, 8: 0 0 0
query: 8, 10: 2 1 1
start: 7 8 len = 2
query: 10, 12: 0 1 0
query: 12, 14: 1 0 0
query: 14, 16: 0 0 0
query: 3, 6: 3 1 1
start: 2 3 len = 3
query: 6, 9: 1 2 1
start: 4 4 len = 3
query: 9, 12: 3 0 1
start: 9 9 len = 3
query: 12, 15: 0 2 0
query: 4, 8: 0 1 0
query: 8, 12: 0 1 0
query: 12, 16: 0 0 0
query: 5, 10: 5 1 1
start: 4 5 len = 5
query: 10, 15: 0 4 0
query: 6, 12: 1 0 0
query: 12, 18: 0 0 0
query: 7, 14: 1 0 0
query: 14, 21: 0 0 0
7
