-889
-656
818
1079
3922
319
710
688
2096
4234
3652
-51
1763
991
1933
2191
815
-1671
169
-486
446
-953
1663
5351
3051
5535
3680
3050
3302
2058
525
3825
4994
1991
2913
2305
2310
3695
5456
4009
5360
-956
537
7043
6254
2428
9264
5132
553
4667
2285
4661
2783
5853
1493
219
-893
1708
4856
1727
4501
229
325
-2753
1149
2717
2328
-3564
186
1588
-558
4391
-2711
1733
938
3308
-2970
5493
-1800
876
-973
-508
-136
3294
4361
1609
5019
4915
-96
2593
566
626
2299
4247
-796
191
-862
1398
-1755
-2216
3464
-1049
-2075
813
5072
3225
3941
7708
3109
2512
7735
1623
7564
5571
4751
9595
13210
5083
2582
7353
2436
3789
4827
4386
9083
5182
4691
7084
1105
10201
1100
13910
5260
2117
13922
-5563
13419
2102
4810
8672
12585
13454
5760
15983
7343
1546
10088
9095
4218
3199
4686
7253
2439
2456
1547
2368
1727
6203
1096
2816
-475
1630
6922
-2072
2422
6530
8616
1059
-904
3408
-941
7209
129
6870
3340
455
-1886
1640
1787
2486
-1743
4754
-9906
4054
-526
-1337
4741
2430
240
-3061
-434
-14151
524
5132
2717
-3531
3804
-1975
-2506
2912
4750
-1047
-1068
7565
-13997
-42
228
-12705
-2198
3326
-12877
5026
3109
-4964
8881
-4479
3067
-5614
888
-4771
-6577
6213
2136
-568
-1788
-5413
-4704
-4355
-6105
-6972
-16957
-9322
-2694
-4919
1975
207
-10068
-5695
4688
-1155
-1465
-9043
-2701
-6068
-6513
-30847
1044
1240
-11824
3441
-9095
-9717
-8968
-8954
-23098
-4649
-180
3675
-14343
-6557
-3313
-8925
1840
-9517
-943
-4992
1214
-8097
-8316
-1479
-11850
-24313
-11464
100
-8129
-3784
-191
-5376
-11028
-1227
1214
-5131
-10770
-5441
-31826
-4293
2299
5985
-3040
-12023
-1531
20
-24343
-6550
-11923
-925
-1124
-4293
-5072
-8541
-26574
3428
6753
-2530
-3145
-406
2749
8402
-3021
342
3575
6641
-4518
1067
-6381
9331
-2252
-5310
-331
466
2033
1091
7908
4352
1368
4173
1226
-20551
6450
3561
-5161
2650
-15326
-6433
6892
5879
-4121
4935
-3559
2023
5472
-180
3923
-26343
805
2833
-6138
-2393
-3636
-29900
-14997
-1643
2282
896
5504
4970
-691
2904
-6557
-483
7679
-32604
-3151
808
-2283
2468
-24404
-1676
1486
-2943
-10011
-2191
1812
-1435
-5059
-3883
1
4514
-3934
5735
-31376
-3225
-1674
-6565
-6255
1329
-8459
91
-26385
-21765
-4484
-2099
-4127
-20978
-777
3475
2850
-3312
-10032
905
-5942
-5336
-2550
-31578
-3386
-1321
-3224
-8639
-2631
-991
-1219
-2591
-1406
-11552
150
-24771
-6799
-3591
-2862
-10801
-315
-12620
-35192
-916
-3933
-4193
-3929
-31998
-1420
1476
-615
-3320
-5818
-3155
-2011
-3800
-5943
-2268
-5719
6462
2444
4491
2152
-9928
-4123
-2666
-1804
-29921
-26255
-24643
-29692
-22572
-4995
-2471
2067
399
2469
-2719
-2565
4046
3951
-33668
-25304
-4388
901
-15668
-5724
-33614
-14610
-21589
4191
-26772
-5630
-18101
-11659
-3375
-10148
5876
-6747
-2080
-10950
-8856
705
-3847
-1736
-1761
-20863
4401
2206
-17643
-2587
4023
-22501
187
4898
-7023
1873
1143
-36
-2076
